Component: ARM Compiler 5.06 update 3 (build 300) Tool: armlink [4d35c9]

==============================================================================

Section Cross References

    startup_stm32f40xx.o(RESET) refers to startup_stm32f40xx.o(STACK) for __initial_sp
    startup_stm32f40xx.o(RESET) refers to startup_stm32f40xx.o(.text) for Reset_Handler
    startup_stm32f40xx.o(RESET) refers to stm32f4xx_it.o(i.NMI_Handler) for NMI_Handler
    startup_stm32f40xx.o(RESET) refers to stm32f4xx_it.o(i.HardFault_Handler) for HardFault_Handler
    startup_stm32f40xx.o(RESET) refers to stm32f4xx_it.o(i.MemManage_Handler) for MemManage_Handler
    startup_stm32f40xx.o(RESET) refers to stm32f4xx_it.o(i.BusFault_Handler) for BusFault_Handler
    startup_stm32f40xx.o(RESET) refers to stm32f4xx_it.o(i.UsageFault_Handler) for UsageFault_Handler
    startup_stm32f40xx.o(RESET) refers to stm32f4xx_it.o(i.SVC_Handler) for SVC_Handler
    startup_stm32f40xx.o(RESET) refers to stm32f4xx_it.o(i.DebugMon_Handler) for DebugMon_Handler
    startup_stm32f40xx.o(RESET) refers to stm32f4xx_it.o(i.PendSV_Handler) for PendSV_Handler
    startup_stm32f40xx.o(RESET) refers to stm32f4xx_it.o(i.SysTick_Handler) for SysTick_Handler
    startup_stm32f40xx.o(RESET) refers to main.o(i.TIM3_IRQHandler) for TIM3_IRQHandler
    startup_stm32f40xx.o(RESET) refers to timer.o(i.TIM8_UP_TIM13_IRQHandler) for TIM8_UP_TIM13_IRQHandler
    startup_stm32f40xx.o(RESET) refers to timer.o(i.TIM8_CC_IRQHandler) for TIM8_CC_IRQHandler
    startup_stm32f40xx.o(RESET) refers to rs485.o(i.UART4_IRQHandler) for UART4_IRQHandler
    startup_stm32f40xx.o(.text) refers to system_stm32f4xx.o(i.SystemInit) for SystemInit
    startup_stm32f40xx.o(.text) refers to entry.o(.ARM.Collect$$$$00000000) for __main
    system_stm32f4xx.o(i.SystemCoreClockUpdate) refers to system_stm32f4xx.o(.data) for .data
    system_stm32f4xx.o(i.SystemInit) refers to system_stm32f4xx.o(i.SetSysClock) for SetSysClock
    stm32f4xx_adc.o(i.ADC_DeInit) refers to stm32f4xx_rcc.o(i.RCC_APB2PeriphResetCmd) for RCC_APB2PeriphResetCmd
    stm32f4xx_can.o(i.CAN_DeInit) refers to stm32f4xx_rcc.o(i.RCC_APB1PeriphResetCmd) for RCC_APB1PeriphResetCmd
    stm32f4xx_can.o(i.CAN_GetITStatus) refers to stm32f4xx_can.o(i.CheckITStatus) for CheckITStatus
    stm32f4xx_cryp.o(i.CRYP_DeInit) refers to stm32f4xx_rcc.o(i.RCC_AHB2PeriphResetCmd) for RCC_AHB2PeriphResetCmd
    stm32f4xx_cryp_aes.o(i.CRYP_AES_CBC) refers to stm32f4xx_cryp.o(i.CRYP_KeyStructInit) for CRYP_KeyStructInit
    stm32f4xx_cryp_aes.o(i.CRYP_AES_CBC) refers to stm32f4xx_cryp.o(i.CRYP_KeyInit) for CRYP_KeyInit
    stm32f4xx_cryp_aes.o(i.CRYP_AES_CBC) refers to stm32f4xx_cryp.o(i.CRYP_Init) for CRYP_Init
    stm32f4xx_cryp_aes.o(i.CRYP_AES_CBC) refers to stm32f4xx_cryp.o(i.CRYP_IVInit) for CRYP_IVInit
    stm32f4xx_cryp_aes.o(i.CRYP_AES_CBC) refers to stm32f4xx_cryp.o(i.CRYP_FIFOFlush) for CRYP_FIFOFlush
    stm32f4xx_cryp_aes.o(i.CRYP_AES_CBC) refers to stm32f4xx_cryp.o(i.CRYP_Cmd) for CRYP_Cmd
    stm32f4xx_cryp_aes.o(i.CRYP_AES_CBC) refers to stm32f4xx_cryp.o(i.CRYP_GetCmdStatus) for CRYP_GetCmdStatus
    stm32f4xx_cryp_aes.o(i.CRYP_AES_CBC) refers to stm32f4xx_cryp.o(i.CRYP_GetFlagStatus) for CRYP_GetFlagStatus
    stm32f4xx_cryp_aes.o(i.CRYP_AES_CBC) refers to stm32f4xx_cryp.o(i.CRYP_DataIn) for CRYP_DataIn
    stm32f4xx_cryp_aes.o(i.CRYP_AES_CBC) refers to stm32f4xx_cryp.o(i.CRYP_DataOut) for CRYP_DataOut
    stm32f4xx_cryp_aes.o(i.CRYP_AES_CCM) refers to stm32f4xx_cryp.o(i.CRYP_KeyStructInit) for CRYP_KeyStructInit
    stm32f4xx_cryp_aes.o(i.CRYP_AES_CCM) refers to stm32f4xx_cryp.o(i.CRYP_FIFOFlush) for CRYP_FIFOFlush
    stm32f4xx_cryp_aes.o(i.CRYP_AES_CCM) refers to stm32f4xx_cryp.o(i.CRYP_KeyInit) for CRYP_KeyInit
    stm32f4xx_cryp_aes.o(i.CRYP_AES_CCM) refers to stm32f4xx_cryp.o(i.CRYP_IVInit) for CRYP_IVInit
    stm32f4xx_cryp_aes.o(i.CRYP_AES_CCM) refers to stm32f4xx_cryp.o(i.CRYP_Init) for CRYP_Init
    stm32f4xx_cryp_aes.o(i.CRYP_AES_CCM) refers to stm32f4xx_cryp.o(i.CRYP_PhaseConfig) for CRYP_PhaseConfig
    stm32f4xx_cryp_aes.o(i.CRYP_AES_CCM) refers to stm32f4xx_cryp.o(i.CRYP_DataIn) for CRYP_DataIn
    stm32f4xx_cryp_aes.o(i.CRYP_AES_CCM) refers to stm32f4xx_cryp.o(i.CRYP_Cmd) for CRYP_Cmd
    stm32f4xx_cryp_aes.o(i.CRYP_AES_CCM) refers to stm32f4xx_cryp.o(i.CRYP_GetCmdStatus) for CRYP_GetCmdStatus
    stm32f4xx_cryp_aes.o(i.CRYP_AES_CCM) refers to stm32f4xx_cryp.o(i.CRYP_GetFlagStatus) for CRYP_GetFlagStatus
    stm32f4xx_cryp_aes.o(i.CRYP_AES_CCM) refers to stm32f4xx_cryp.o(i.CRYP_DataOut) for CRYP_DataOut
    stm32f4xx_cryp_aes.o(i.CRYP_AES_CTR) refers to stm32f4xx_cryp.o(i.CRYP_KeyStructInit) for CRYP_KeyStructInit
    stm32f4xx_cryp_aes.o(i.CRYP_AES_CTR) refers to stm32f4xx_cryp.o(i.CRYP_KeyInit) for CRYP_KeyInit
    stm32f4xx_cryp_aes.o(i.CRYP_AES_CTR) refers to stm32f4xx_cryp.o(i.CRYP_Init) for CRYP_Init
    stm32f4xx_cryp_aes.o(i.CRYP_AES_CTR) refers to stm32f4xx_cryp.o(i.CRYP_IVInit) for CRYP_IVInit
[...]
    i.mcoinit                                0x08008fec   Section        0  lan8742a.o(i.mcoinit)
    i.osal_getSysTime                        0x08009024   Section        0  bsp_systick.o(i.osal_getSysTime)
    i.osal_getSysTime_us                     0x08009034   Section        0  bsp_systick.o(i.osal_getSysTime_us)
    i.osal_timer_is_expired                  0x08009050   Section        0  bsp_systick.o(i.osal_timer_is_expired)
    i.osal_timer_start                       0x0800908c   Section        0  bsp_systick.o(i.osal_timer_start)
    i.osal_usleep                            0x080090e0   Section        0  bsp_systick.o(i.osal_usleep)
    i.simpletest                             0x080090e8   Section        0  main.o(i.simpletest)
    i.target_limit_int                       0x080096d4   Section        0  timer.o(i.target_limit_int)
    .constdata                               0x080096e4   Section      512  bsp_mb_host.o(.constdata)
    auchCRCHi                                0x080096e4   Data         256  bsp_mb_host.o(.constdata)
    auchCRCLo                                0x080097e4   Data         256  bsp_mb_host.o(.constdata)
    .constdata                               0x080098e4   Section      240  ethercatconfig.o(.constdata)
    .constdata                               0x080099d4   Section    18914  ethercatprint.o(.constdata)
    .constdata                               0x0800e3b8   Section      152  atan.o(.constdata)
    atanhi                                   0x0800e3b8   Data          32  atan.o(.constdata)
    atanlo                                   0x0800e3d8   Data          32  atan.o(.constdata)
    aTodd                                    0x0800e3f8   Data          40  atan.o(.constdata)
    aTeven                                   0x0800e420   Data          48  atan.o(.constdata)
    .conststring                             0x0800e450   Section       81  main.o(.conststring)
    .conststring                             0x0800e4a4   Section      134  ethercatconfig.o(.conststring)
    .data                                    0x20000000   Section       20  system_stm32f4xx.o(.data)
    .data                                    0x20000014   Section       16  stm32f4xx_rcc.o(.data)
    APBAHBPrescTable                         0x20000014   Data          16  stm32f4xx_rcc.o(.data)
    .data                                    0x20000028   Section       40  main.o(.data)
    .data                                    0x20000050   Section        8  main.o(.data)
    .data                                    0x20000058   Section        8  main.o(.data)
    .data                                    0x20000060   Section        8  main.o(.data)
    .data                                    0x20000068   Section      168  timer.o(.data)
    ch1_filter_times                         0x2000006c   Data           1  timer.o(.data)
    ch2_filter_times                         0x2000006d   Data           1  timer.o(.data)
    ch3_filter_times                         0x2000006e   Data           1  timer.o(.data)
    ch4_filter_times                         0x2000006f   Data           1  timer.o(.data)
    thrice                                   0x20000070   Data           1  timer.o(.data)
    .data                                    0x20000110   Section        4  timer.o(.data)
    .data                                    0x20000114   Section        1  timer.o(.data)
    .data                                    0x20000116   Section       10  rs485.o(.data)
    crc_check                                0x2000011e   Data           2  rs485.o(.data)
    .data                                    0x20000120   Section        2  rs485.o(.data)
    .data                                    0x20000124   Section       12  bsp_systick.o(.data)
    TimingDelay                              0x20000124   Data           4  bsp_systick.o(.data)
    .data                                    0x20000130   Section        8  lan8742a.o(.data)
    status                                   0x20000131   Data           1  lan8742a.o(.data)
    .data                                    0x20000138   Section       12  stm32f429_eth.o(.data)
    .data                                    0x20000144   Section        1  ethercatmain.o(.data)
    .data                                    0x20000148   Section       80  ethercatmain.o(.data)
    .data                                    0x20000198   Section        4  ethercatmain.o(.data)
    .data                                    0x2000019c   Section        8  ethercatmain.o(.data)
    ec_FMMU                                  0x2000019c   Data           8  ethercatmain.o(.data)
    .data                                    0x200001a8   Section        8  ethercatmain.o(.data)
    .data                                    0x200001b0   Section        4  stdout.o(.data)
    .data                                    0x200001b4   Section        4  errno.o(.data)
    _errno                                   0x200001b4   Data           4  errno.o(.data)
    .bss                                     0x200001b8   Section     1208  main.o(.bss)
    .bss                                     0x20000670   Section      256  rs485.o(.bss)
    .bss                                     0x20000770   Section      256  rs485.o(.bss)
    .bss                                     0x20000870   Section      188  lan8742a.o(.bss)
    .bss                                     0x2000092c   Section       32  stm32f429_eth.o(.bss)
    .bss                                     0x2000094c   Section       32  stm32f429_eth.o(.bss)
    .bss                                     0x2000096c   Section     3048  stm32f429_eth.o(.bss)
    .bss                                     0x20001554   Section     3048  stm32f429_eth.o(.bss)
    .bss                                     0x2000213c   Section       12  stm32f429_eth.o(.bss)
    .bss                                     0x20002148   Section     3320  ethercatmain.o(.bss)
    .bss                                     0x20002e40   Section      592  ethercatmain.o(.bss)
    .bss                                     0x20003090   Section     4096  ethercatmain.o(.bss)
    esibuf                                   0x20003090   Data        4096  ethercatmain.o(.bss)
    .bss                                     0x20004090   Section      512  ethercatmain.o(.bss)
    esimap                                   0x20004090   Data         512  ethercatmain.o(.bss)
    .bss                                     0x20004290   Section     1564  ethercatmain.o(.bss)
    ec_elist                                 0x20004290   Data        1564  ethercatmain.o(.bss)
    .bss                                     0x200048ac   Section       16  ethercatmain.o(.bss)
    ec_idxstack                              0x200048ac   Data          16  ethercatmain.o(.bss)
    .bss                                     0x200048bc   Section       10  ethercatmain.o(.bss)
    ec_SMcommtype                            0x200048bc   Data          10  ethercatmain.o(.bss)
    .bss                                     0x200048c6   Section       22  ethercatmain.o(.bss)
    ec_PDOassign                             0x200048c6   Data          22  ethercatmain.o(.bss)
    .bss                                     0x200048dc   Section       42  ethercatmain.o(.bss)
    ec_PDOdesc                               0x200048dc   Data          42  ethercatmain.o(.bss)
    .bss                                     0x20004906   Section       12  ethercatmain.o(.bss)
    ec_SM                                    0x20004906   Data          12  ethercatmain.o(.bss)
    .bss                                     0x20004914   Section    12248  ethercatmain.o(.bss)
    STACK                                    0x200078f0   Section    16384  startup_stm32f40xx.o(STACK)

    Global Symbols

    Symbol Name                              Value     Ov Type        Size  Object(Section)

    BuildAttributes$$THM_ISAv4$E$P$D$K$B$S$7EM$VFPi3$EXTD16$VFPS$VFMA$PE$A:L22UL41UL21$X:L11$S22US41US21$IEEE1$IW$USESV6$~STKCKD$USESV7$~SHL$OTIME$ROPI$IEEEX$EBA8$MICROLIB$REQ8$PRES8$EABIv2 0x00000000   Number         0  anon$$obj.o ABSOLUTE
    __ARM_use_no_argv                        0x00000000   Number         0  main.o ABSOLUTE
    _printf_a                                0x00000000   Number         0  stubs.o ABSOLUTE
    _printf_c                                0x00000000   Number         0  stubs.o ABSOLUTE
    _printf_charcount                        0x00000000   Number         0  stubs.o ABSOLUTE
    _printf_d                                0x00000000   Number         0  stubs.o ABSOLUTE
    _printf_e                                0x00000000   Number         0  stubs.o ABSOLUTE
    _printf_f                                0x00000000   Number         0  stubs.o ABSOLUTE
    _printf_flags                            0x00000000   Number         0  stubs.o ABSOLUTE
    _printf_fp_dec                           0x00000000   Number         0  stubs.o ABSOLUTE
    _printf_fp_hex                           0x00000000   Number         0  stubs.o ABSOLUTE
    _printf_g                                0x00000000   Number         0  stubs.o ABSOLUTE
    _printf_i                                0x00000000   Number         0  stubs.o ABSOLUTE
    _printf_int_dec                          0x00000000   Number         0  stubs.o ABSOLUTE
    _printf_l                                0x00000000   Number         0  stubs.o ABSOLUTE
    _printf_lc                               0x00000000   Number         0  stubs.o ABSOLUTE
    _printf_ll                               0x00000000   Number         0  stubs.o ABSOLUTE
    _printf_lld                              0x00000000   Number         0  stubs.o ABSOLUTE
    _printf_lli                              0x00000000   Number         0  stubs.o ABSOLUTE
    _printf_llo                              0x00000000   Number         0  stubs.o ABSOLUTE
    _printf_llu                              0x00000000   Number         0  stubs.o ABSOLUTE
    _printf_llx                              0x00000000   Number         0  stubs.o ABSOLUTE
    _printf_longlong_dec                     0x00000000   Number         0  stubs.o ABSOLUTE
    _printf_longlong_hex                     0x00000000   Number         0  stubs.o ABSOLUTE
    _printf_longlong_oct                     0x00000000   Number         0  stubs.o ABSOLUTE
    _printf_ls                               0x00000000   Number         0  stubs.o ABSOLUTE
    _printf_mbtowc                           0x00000000   Number         0  stubs.o ABSOLUTE
    _printf_n                                0x00000000   Number         0  stubs.o ABSOLUTE
    _printf_o                                0x00000000   Number         0  stubs.o ABSOLUTE
    _printf_p                                0x00000000   Number         0  stubs.o ABSOLUTE
    _printf_percent                          0x00000000   Number         0  stubs.o ABSOLUTE
    _printf_pre_padding                      0x00000000   Number         0  stubs.o ABSOLUTE
    _printf_return_value                     0x00000000   Number         0  stubs.o ABSOLUTE
    _printf_s                                0x00000000   Number         0  stubs.o ABSOLUTE
    _printf_sizespec                         0x00000000   Number         0  stubs.o ABSOLUTE
    _printf_str                              0x00000000   Number         0  stubs.o ABSOLUTE
    _printf_truncate_signed                  0x00000000   Number         0  stubs.o ABSOLUTE
    _printf_truncate_unsigned                0x00000000   Number         0  stubs.o ABSOLUTE
    _printf_u                                0x00000000   Number         0  stubs.o ABSOLUTE
    _printf_wc                               0x00000000   Number         0  stubs.o ABSOLUTE
    _printf_wctomb                           0x00000000   Number         0  stubs.o ABSOLUTE
    _printf_widthprec                        0x00000000   Number         0  stubs.o ABSOLUTE
    _printf_x                                0x00000000   Number         0  stubs.o ABSOLUTE
    __cpp_initialize__aeabi_                  - Undefined Weak Reference
    __cxa_finalize                            - Undefined Weak Reference
    _clock_init                               - Undefined Weak Reference
    _microlib_exit                            - Undefined Weak Reference
    __Vectors_Size                           0x00000188   Number         0  startup_stm32f40xx.o ABSOLUTE
    __Vectors                                0x08000000   Data           4  startup_stm32f40xx.o(RESET)
    __Vectors_End                            0x08000188   Data           0  startup_stm32f40xx.o(RESET)
    __main                                   0x08000189   Thumb Code     0  entry.o(.ARM.Collect$$$$00000000)
    _main_stk                                0x08000189   Thumb Code     0  entry2.o(.ARM.Collect$$$$00000001)
    _main_scatterload                        0x0800018d   Thumb Code     0  entry5.o(.ARM.Collect$$$$00000004)
    __main_after_scatterload                 0x08000191   Thumb Code     0  entry5.o(.ARM.Collect$$$$00000004)
    _main_clock                              0x08000191   Thumb Code     0  entry7b.o(.ARM.Collect$$$$00000008)
    _main_cpp_init                           0x08000191   Thumb Code     0  entry8b.o(.ARM.Collect$$$$0000000A)
    _main_init                               0x08000191   Thumb Code     0  entry9a.o(.ARM.Collect$$$$0000000B)
    __rt_final_cpp                           0x08000199   Thumb Code     0  entry10a.o(.ARM.Collect$$$$0000000D)
    __rt_final_exit                          0x08000199   Thumb Code     0  entry11a.o(.ARM.Collect$$$$0000000F)
    Reset_Handler                            0x0800019d   Thumb Code     8  startup_stm32f40xx.o(.text)
    ADC_IRQHandler                           0x080001b7   Thumb Code     0  startup_stm32f40xx.o(.text)
    CAN1_RX0_IRQHandler                      0x080001b7   Thumb Code     0  startup_stm32f40xx.o(.text)
    CAN1_RX1_IRQHandler                      0x080001b7   Thumb Code     0  startup_stm32f40xx.o(.text)
    CAN1_SCE_IRQHandler                      0x080001b7   Thumb Code     0  startup_stm32f40xx.o(.text)
    CAN1_TX_IRQHandler                       0x080001b7   Thumb Code     0  startup_stm32f40xx.o(.text)
    CAN2_RX0_IRQHandler                      0x080001b7   Thumb Code     0  startup_stm32f40xx.o(.text)
    CAN2_RX1_IRQHandler                      0x080001b7   Thumb Code     0  startup_stm32f40xx.o(.text)
    CAN2_SCE_IRQHandler                      0x080001b7   Thumb Code     0  startup_stm32f40xx.o(.text)
    CAN2_TX_IRQHandler                       0x080001b7   Thumb Code     0  startup_stm32f40xx.o(.text)
    CRYP_IRQHandler                          0x080001b7   Thumb Code     0  startup_stm32f40xx.o(.text)
    DCMI_IRQHandler                          0x080001b7   Thumb Code     0  startup_stm32f40xx.o(.text)
    DMA1_Stream0_IRQHandler                  0x080001b7   Thumb Code     0  startup_stm32f40xx.o(.text)
    DMA1_Stream1_IRQHandler                  0x080001b7   Thumb Code     0  startup_stm32f40xx.o(.text)
    DMA1_Stream2_IRQHandler                  0x080001b7   Thumb Code     0  startup_stm32f40xx.o(.text)
    DMA1_Stream3_IRQHandler                  0x080001b7   Thumb Code     0  startup_stm32f40xx.o(.text)
    DMA1_Stream4_IRQHandler                  0x080001b7   Thumb Code     0  startup_stm32f40xx.o(.text)
    DMA1_Stream5_IRQHandler                  0x080001b7   Thumb Code     0  startup_stm32f40xx.o(.text)
    DMA1_Stream6_IRQHandler                  0x080001b7   Thumb Code     0  startup_stm32f40xx.o(.text)
    DMA1_Stream7_IRQHandler                  0x080001b7   Thumb Code     0  startup_stm32f40xx.o(.text)
    DMA2_Stream0_IRQHandler                  0x080001b7   Thumb Code     0  startup_stm32f40xx.o(.text)
    DMA2_Stream1_IRQHandler                  0x080001b7   Thumb Code     0  startup_stm32f40xx.o(.text)
    DMA2_Stream2_IRQHandler                  0x080001b7   Thumb Code     0  startup_stm32f40xx.o(.text)
    DMA2_Stream3_IRQHandler                  0x080001b7   Thumb Code     0  startup_stm32f40xx.o(.text)
    DMA2_Stream4_IRQHandler                  0x080001b7   Thumb Code     0  startup_stm32f40xx.o(.text)
    DMA2_Stream5_IRQHandler                  0x080001b7   Thumb Code     0  startup_stm32f40xx.o(.text)
    DMA2_Stream6_IRQHandler                  0x080001b7   Thumb Code     0  startup_stm32f40xx.o(.text)
    DMA2_Stream7_IRQHandler                  0x080001b7   Thumb Code     0  startup_stm32f40xx.o(.text)
    ETH_IRQHandler                           0x080001b7   Thumb Code     0  startup_stm32f40xx.o(.text)
    ETH_WKUP_IRQHandler                      0x080001b7   Thumb Code     0  startup_stm32f40xx.o(.text)
    EXTI0_IRQHandler                         0x080001b7   Thumb Code     0  startup_stm32f40xx.o(.text)
    EXTI15_10_IRQHandler                     0x080001b7   Thumb Code     0  startup_stm32f40xx.o(.text)
    EXTI1_IRQHandler                         0x080001b7   Thumb Code     0  startup_stm32f40xx.o(.text)
    EXTI2_IRQHandler                         0x080001b7   Thumb Code     0  startup_stm32f40xx.o(.text)
    EXTI3_IRQHandler                         0x080001b7   Thumb Code     0  startup_stm32f40xx.o(.text)
    EXTI4_IRQHandler                         0x080001b7   Thumb Code     0  startup_stm32f40xx.o(.text)
    EXTI9_5_IRQHandler                       0x080001b7   Thumb Code     0  startup_stm32f40xx.o(.text)
    FLASH_IRQHandler                         0x080001b7   Thumb Code     0  startup_stm32f40xx.o(.text)
    FPU_IRQHandler                           0x080001b7   Thumb Code     0  startup_stm32f40xx.o(.text)
    FSMC_IRQHandler                          0x080001b7   Thumb Code     0  startup_stm32f40xx.o(.text)
    HASH_RNG_IRQHandler                      0x080001b7   Thumb Code     0  startup_stm32f40xx.o(.text)
    I2C1_ER_IRQHandler                       0x080001b7   Thumb Code     0  startup_stm32f40xx.o(.text)
    I2C1_EV_IRQHandler                       0x080001b7   Thumb Code     0  startup_stm32f40xx.o(.text)
    I2C2_ER_IRQHandler                       0x080001b7   Thumb Code     0  startup_stm32f40xx.o(.text)
    I2C2_EV_IRQHandler                       0x080001b7   Thumb Code     0  startup_stm32f40xx.o(.text)
    I2C3_ER_IRQHandler                       0x080001b7   Thumb Code     0  startup_stm32f40xx.o(.text)
    I2C3_EV_IRQHandler                       0x080001b7   Thumb Code     0  startup_stm32f40xx.o(.text)
    OTG_FS_IRQHandler                        0x080001b7   Thumb Code     0  startup_stm32f40xx.o(.text)
    OTG_FS_WKUP_IRQHandler                   0x080001b7   Thumb Code     0  startup_stm32f40xx.o(.text)
    OTG_HS_EP1_IN_IRQHandler                 0x080001b7   Thumb Code     0  startup_stm32f40xx.o(.text)
    OTG_HS_EP1_OUT_IRQHandler                0x080001b7   Thumb Code     0  startup_stm32f40xx.o(.text)
    OTG_HS_IRQHandler                        0x080001b7   Thumb Code     0  startup_stm32f40xx.o(.text)
    OTG_HS_WKUP_IRQHandler                   0x080001b7   Thumb Code     0  startup_stm32f40xx.o(.text)
    PVD_IRQHandler                           0x080001b7   Thumb Code     0  startup_stm32f40xx.o(.text)
    RCC_IRQHandler                           0x080001b7   Thumb Code     0  startup_stm32f40xx.o(.text)
    RTC_Alarm_IRQHandler                     0x080001b7   Thumb Code     0  startup_stm32f40xx.o(.text)
    RTC_WKUP_IRQHandler                      0x080001b7   Thumb Code     0  startup_stm32f40xx.o(.text)
    SDIO_IRQHandler                          0x080001b7   Thumb Code     0  startup_stm32f40xx.o(.text)
    SPI1_IRQHandler                          0x080001b7   Thumb Code     0  startup_stm32f40xx.o(.text)
    SPI2_IRQHandler                          0x080001b7   Thumb Code     0  startup_stm32f40xx.o(.text)
    SPI3_IRQHandler                          0x080001b7   Thumb Code     0  startup_stm32f40xx.o(.text)
    TAMP_STAMP_IRQHandler                    0x080001b7   Thumb Code     0  startup_stm32f40xx.o(.text)
    TIM1_BRK_TIM9_IRQHandler                 0x080001b7   Thumb Code     0  startup_stm32f40xx.o(.text)
    TIM1_CC_IRQHandler                       0x080001b7   Thumb Code     0  startup_stm32f40xx.o(.text)
    TIM1_TRG_COM_TIM11_IRQHandler            0x080001b7   Thumb Code     0  startup_stm32f40xx.o(.text)
    TIM1_UP_TIM10_IRQHandler                 0x080001b7   Thumb Code     0  startup_stm32f40xx.o(.text)
    TIM2_IRQHandler                          0x080001b7   Thumb Code     0  startup_stm32f40xx.o(.text)
    TIM4_IRQHandler                          0x080001b7   Thumb Code     0  startup_stm32f40xx.o(.text)
    TIM5_IRQHandler                          0x080001b7   Thumb Code     0  startup_stm32f40xx.o(.text)
    TIM6_DAC_IRQHandler                      0x080001b7   Thumb Code     0  startup_stm32f40xx.o(.text)
    TIM7_IRQHandler                          0x080001b7   Thumb Code     0  startup_stm32f40xx.o(.text)
    TIM8_BRK_TIM12_IRQHandler                0x080001b7   Thumb Code     0  startup_stm32f40xx.o(.text)
    TIM8_TRG_COM_TIM14_IRQHandler            0x080001b7   Thumb Code     0  startup_stm32f40xx.o(.text)
    UART5_IRQHandler                         0x080001b7   Thumb Code     0  startup_stm32f40xx.o(.text)
    USART1_IRQHandler                        0x080001b7   Thumb Code     0  startup_stm32f40xx.o(.text)
    USART2_IRQHandler                        0x080001b7   Thumb Code     0  startup_stm32f40xx.o(.text)
    USART3_IRQHandler                        0x080001b7   Thumb Code     0  startup_stm32f40xx.o(.text)
    USART6_IRQHandler                        0x080001b7   Thumb Code     0  startup_stm32f40xx.o(.text)
    WWDG_IRQHandler                          0x080001b7   Thumb Code     0  startup_stm32f40xx.o(.text)
    __aeabi_ldivmod                          0x080001c1   Thumb Code    98  ldiv.o(.text)
    __aeabi_memcpy                           0x08000223   Thumb Code    36  memcpya.o(.text)
    __aeabi_memcpy4                          0x08000223   Thumb Code     0  memcpya.o(.text)
    __aeabi_memcpy8                          0x08000223   Thumb Code     0  memcpya.o(.text)
    __aeabi_memset                           0x08000247   Thumb Code    14  memseta.o(.text)
    __aeabi_memset4                          0x08000247   Thumb Code     0  memseta.o(.text)
    __aeabi_memset8                          0x08000247   Thumb Code     0  memseta.o(.text)
    __aeabi_memclr                           0x08000255   Thumb Code     4  memseta.o(.text)
    __aeabi_memclr4                          0x08000255   Thumb Code     0  memseta.o(.text)
    __aeabi_memclr8                          0x08000255   Thumb Code     0  memseta.o(.text)
    _memset$wrapper                          0x08000259   Thumb Code    18  memseta.o(.text)
    strcpy                                   0x0800026b   Thumb Code    18  strcpy.o(.text)
    __aeabi_dadd                             0x0800027d   Thumb Code   322  dadd.o(.text)
    __aeabi_dsub                             0x080003bf   Thumb Code     6  dadd.o(.text)
    __aeabi_drsub                            0x080003c5   Thumb Code     6  dadd.o(.text)
    __aeabi_dmul                             0x080003cb   Thumb Code   228  dmul.o(.text)
    __aeabi_ddiv                             0x080004af   Thumb Code   222  ddiv.o(.text)
    __aeabi_i2d                              0x0800058d   Thumb Code    34  dflti.o(.text)
    __aeabi_d2iz                             0x080005af   Thumb Code    62  dfixi.o(.text)
    __aeabi_f2d                              0x080005ed   Thumb Code    38  f2d.o(.text)
    __aeabi_cdcmpeq                          0x08000615   Thumb Code     0  cdcmple.o(.text)
    __aeabi_cdcmple                          0x08000615   Thumb Code    48  cdcmple.o(.text)
    __aeabi_cdrcmple                         0x08000645   Thumb Code    48  cdrcmple.o(.text)
    __aeabi_d2f                              0x08000675   Thumb Code    56  d2f.o(.text)
    __aeabi_uidiv                            0x080006ad   Thumb Code     0  uidiv.o(.text)
    __aeabi_uidivmod                         0x080006ad   Thumb Code    44  uidiv.o(.text)
    __aeabi_uldivmod                         0x080006d9   Thumb Code    98  uldiv.o(.text)
    __aeabi_llsl                             0x0800073b   Thumb Code    30  llshl.o(.text)
    _ll_shift_l                              0x0800073b   Thumb Code     0  llshl.o(.text)
    __aeabi_llsr                             0x08000759   Thumb Code    32  llushr.o(.text)
    _ll_ushift_r                             0x08000759   Thumb Code     0  llushr.o(.text)
    __aeabi_lasr                             0x08000779   Thumb Code    36  llsshr.o(.text)
    _ll_sshift_r                             0x08000779   Thumb Code     0  llsshr.o(.text)
    __I$use$fp                               0x0800079d   Thumb Code     0  iusefp.o(.text)
    _float_round                             0x0800079d   Thumb Code    18  fepilogue.o(.text)
    _float_epilogue                          0x080007af   Thumb Code    92  fepilogue.o(.text)
    _double_round                            0x0800080b   Thumb Code    30  depilogue.o(.text)
    _double_epilogue                         0x08000829   Thumb Code   156  depilogue.o(.text)
    _dsqrt                                   0x080008c5   Thumb Code   162  dsqrt.o(.text)
    __aeabi_d2ulz                            0x08000967   Thumb Code    48  dfixul.o(.text)
    __scatterload                            0x08000999   Thumb Code    28  init.o(.text)
    __scatterload_rt2                        0x08000999   Thumb Code     0  init.o(.text)
    __decompress                             0x080009bd   Thumb Code     0  __dczerorl2.o(.text)
    __decompress1                            0x080009bd   Thumb Code    86  __dczerorl2.o(.text)
    BusFault_Handler                         0x08000a13   Thumb Code     2  stm32f4xx_it.o(i.BusFault_Handler)
    DebugMon_Handler                         0x08000a15   Thumb Code     2  stm32f4xx_it.o(i.DebugMon_Handler)
    Debug_USART_Config                       0x08000a19   Thumb Code   150  bsp_debug_usart.o(i.Debug_USART_Config)
    Delay_ms                                 0x08000ab9   Thumb Code    16  bsp_systick.o(i.Delay_ms)
    Delay_us                                 0x08000acd   Thumb Code    16  bsp_systick.o(i.Delay_us)
    ETH_BSP_Config                           0x08000ae1   Thumb Code    72  lan8742a.o(i.ETH_BSP_Config)
    ETH_CheckFrameReceived                   0x08000b31   Thumb Code   108  stm32f429_eth.o(i.ETH_CheckFrameReceived)
    ETH_DMAReceptionCmd                      0x08000ba1   Thumb Code    22  stm32f429_eth.o(i.ETH_DMAReceptionCmd)
    ETH_DMARxDescChainInit                   0x08000bbd   Thumb Code    74  stm32f429_eth.o(i.ETH_DMARxDescChainInit)
    ETH_DMATransmissionCmd                   0x08000c15   Thumb Code    22  stm32f429_eth.o(i.ETH_DMATransmissionCmd)
    ETH_DMATxDescChainInit                   0x08000c31   Thumb Code    62  stm32f429_eth.o(i.ETH_DMATxDescChainInit)
    ETH_DeInit                               0x08000c79   Thumb Code    24  stm32f429_eth.o(i.ETH_DeInit)
    ETH_Delay                                0x08000c91   Thumb Code    18  stm32f429_eth.o(i.ETH_Delay)
    ETH_FlushTransmitFIFO                    0x08000ca5   Thumb Code    30  stm32f429_eth.o(i.ETH_FlushTransmitFIFO)
    ETH_GetSoftwareResetStatus               0x08000df1   Thumb Code    14  stm32f429_eth.o(i.ETH_GetSoftwareResetStatus)
    ETH_Get_Received_Frame                   0x08000e05   Thumb Code    34  stm32f429_eth.o(i.ETH_Get_Received_Frame)
    ETH_Init                                 0x08000e2d   Thumb Code   596  stm32f429_eth.o(i.ETH_Init)
    ETH_MACAddressConfig                     0x080010b9   Thumb Code    22  stm32f429_eth.o(i.ETH_MACAddressConfig)
    ETH_MACReceptionCmd                      0x08001155   Thumb Code    44  stm32f429_eth.o(i.ETH_MACReceptionCmd)
    ETH_MACTransmissionCmd                   0x08001185   Thumb Code    44  stm32f429_eth.o(i.ETH_MACTransmissionCmd)
    ETH_Prepare_Transmit_Descriptors         0x080011b5   Thumb Code   168  stm32f429_eth.o(i.ETH_Prepare_Transmit_Descriptors)
    ETH_ReadPHYRegister                      0x08001265   Thumb Code    80  stm32f429_eth.o(i.ETH_ReadPHYRegister)
    ETH_SoftwareReset                        0x080012bd   Thumb Code    12  stm32f429_eth.o(i.ETH_SoftwareReset)
    ETH_Start                                0x080012cd   Thumb Code    34  stm32f429_eth.o(i.ETH_Start)
    ETH_StructInit                           0x080012ef   Thumb Code   136  stm32f429_eth.o(i.ETH_StructInit)
    ETH_WritePHYRegister                     0x08001379   Thumb Code    76  stm32f429_eth.o(i.ETH_WritePHYRegister)
    GPIO_Init                                0x080013cd   Thumb Code   120  stm32f4xx_gpio.o(i.GPIO_Init)
    GPIO_PinAFConfig                         0x08001445   Thumb Code    32  stm32f4xx_gpio.o(i.GPIO_PinAFConfig)
    GPIO_ResetBits                           0x08001465   Thumb Code     4  stm32f4xx_gpio.o(i.GPIO_ResetBits)
    GPIO_SetBits                             0x08001469   Thumb Code     4  stm32f4xx_gpio.o(i.GPIO_SetBits)
    HardFault_Handler                        0x0800146d   Thumb Code     8  stm32f4xx_it.o(i.HardFault_Handler)
    Key_GPIO_Config                          0x08001485   Thumb Code    36  bsp_key.o(i.Key_GPIO_Config)
    LED_GPIO_Config                          0x080014ad   Thumb Code    48  bsp_led.o(i.LED_GPIO_Config)
    MB_CRC16                                 0x080014e1   Thumb Code    38  bsp_mb_host.o(i.MB_CRC16)
    MB_ReadHoldingReg_03H                    0x0800150d   Thumb Code    48  bsp_mb_host.o(i.MB_ReadHoldingReg_03H)
    MB_WriteNumHoldingReg_10H                0x08001541   Thumb Code    82  bsp_mb_host.o(i.MB_WriteNumHoldingReg_10H)
    MemManage_Handler                        0x08001599   Thumb Code     2  stm32f4xx_it.o(i.MemManage_Handler)
    NMI_Handler                              0x0800159b   Thumb Code     2  stm32f4xx_it.o(i.NMI_Handler)
    NVIC_Init                                0x0800159d   Thumb Code    96  misc.o(i.NVIC_Init)
    NVIC_PriorityGroupConfig                 0x08001601   Thumb Code    10  misc.o(i.NVIC_PriorityGroupConfig)
    PendSV_Handler                           0x08001635   Thumb Code     2  stm32f4xx_it.o(i.PendSV_Handler)
    RCC_AHB1PeriphClockCmd                   0x08001639   Thumb Code    18  stm32f4xx_rcc.o(i.RCC_AHB1PeriphClockCmd)
    RCC_AHB1PeriphResetCmd                   0x08001651   Thumb Code    18  stm32f4xx_rcc.o(i.RCC_AHB1PeriphResetCmd)
    RCC_APB1PeriphClockCmd                   0x08001669   Thumb Code    18  stm32f4xx_rcc.o(i.RCC_APB1PeriphClockCmd)
    RCC_APB2PeriphClockCmd                   0x08001681   Thumb Code    18  stm32f4xx_rcc.o(i.RCC_APB2PeriphClockCmd)
    RCC_GetClocksFreq                        0x08001699   Thumb Code   132  stm32f4xx_rcc.o(i.RCC_GetClocksFreq)
    RCC_MCO1Config                           0x0800172d   Thumb Code    16  stm32f4xx_rcc.o(i.RCC_MCO1Config)
    RS485_Init                               0x08001741   Thumb Code   176  rs485.o(i.RS485_Init)
    RS485_Receive_Data                       0x080017f9   Thumb Code   688  rs485.o(i.RS485_Receive_Data)
    RS485_Send_Data                          0x08001af9   Thumb Code    58  rs485.o(i.RS485_Send_Data)
    Remote_Control                           0x08001b39   Thumb Code   304  timer.o(i.Remote_Control)
    SVC_Handler                              0x08001c7d   Thumb Code     2  stm32f4xx_it.o(i.SVC_Handler)
    SYSCFG_ETH_MediaInterfaceConfig          0x08001c81   Thumb Code     8  stm32f4xx_syscfg.o(i.SYSCFG_ETH_MediaInterfaceConfig)
    Servosetup                               0x08001c8d   Thumb Code   498  main.o(i.Servosetup)
    SysTick_Handler                          0x08001f61   Thumb Code     4  stm32f4xx_it.o(i.SysTick_Handler)
    SysTick_Init                             0x08001f65   Thumb Code    58  bsp_systick.o(i.SysTick_Init)
    SystemInit                               0x08001fa9   Thumb Code    74  system_stm32f4xx.o(i.SystemInit)
    TIM3_IRQHandler                          0x08002005   Thumb Code    74  main.o(i.TIM3_IRQHandler)
    TIM8_CC_IRQHandler                       0x0800205d   Thumb Code   660  timer.o(i.TIM8_CC_IRQHandler)
    TIM8_Cap_Init                            0x08002325   Thumb Code   108  timer.o(i.TIM8_Cap_Init)
    TIM8_UP_TIM13_IRQHandler                 0x08002395   Thumb Code   298  timer.o(i.TIM8_UP_TIM13_IRQHandler)
    TIM_ClearITPendingBit                    0x080024e5   Thumb Code     6  stm32f4xx_tim.o(i.TIM_ClearITPendingBit)
    TIM_Cmd                                  0x080024eb   Thumb Code    20  stm32f4xx_tim.o(i.TIM_Cmd)
    TIM_CtrlPWMOutputs                       0x080024ff   Thumb Code    22  stm32f4xx_tim.o(i.TIM_CtrlPWMOutputs)
    TIM_GetCapture1                          0x08002515   Thumb Code     4  stm32f4xx_tim.o(i.TIM_GetCapture1)
    TIM_GetCapture2                          0x08002519   Thumb Code     4  stm32f4xx_tim.o(i.TIM_GetCapture2)
    TIM_GetCapture3                          0x0800251d   Thumb Code     4  stm32f4xx_tim.o(i.TIM_GetCapture3)
    TIM_GetCapture4                          0x08002521   Thumb Code     4  stm32f4xx_tim.o(i.TIM_GetCapture4)
    TIM_GetITStatus                          0x08002525   Thumb Code    24  stm32f4xx_tim.o(i.TIM_GetITStatus)
    TIM_ITConfig                             0x0800253d   Thumb Code    16  stm32f4xx_tim.o(i.TIM_ITConfig)
    TIM_OC1PolarityConfig                    0x0800254d   Thumb Code    12  stm32f4xx_tim.o(i.TIM_OC1PolarityConfig)
    TIM_OC2PolarityConfig                    0x08002559   Thumb Code    20  stm32f4xx_tim.o(i.TIM_OC2PolarityConfig)
    TIM_OC3PolarityConfig                    0x0800256d   Thumb Code    20  stm32f4xx_tim.o(i.TIM_OC3PolarityConfig)
    TIM_OC4PolarityConfig                    0x08002581   Thumb Code    20  stm32f4xx_tim.o(i.TIM_OC4PolarityConfig)
    TIM_TimeBaseInit                         0x08002595   Thumb Code    96  stm32f4xx_tim.o(i.TIM_TimeBaseInit)
    TimingDelay_Decrement                    0x08002611   Thumb Code    48  bsp_systick.o(i.TimingDelay_Decrement)
    UART4_IRQHandler                         0x08002649   Thumb Code    72  rs485.o(i.UART4_IRQHandler)
    USART_ClearFlag                          0x0800269d   Thumb Code     6  stm32f4xx_usart.o(i.USART_ClearFlag)
    USART_ClearITPendingBit                  0x080026a3   Thumb Code    12  stm32f4xx_usart.o(i.USART_ClearITPendingBit)
    USART_Cmd                                0x080026af   Thumb Code    20  stm32f4xx_usart.o(i.USART_Cmd)
    USART_GetFlagStatus                      0x080026c3   Thumb Code    14  stm32f4xx_usart.o(i.USART_GetFlagStatus)
    USART_GetITStatus                        0x080026d1   Thumb Code    62  stm32f4xx_usart.o(i.USART_GetITStatus)
    USART_ITConfig                           0x0800270f   Thumb Code    48  stm32f4xx_usart.o(i.USART_ITConfig)
    USART_Init                               0x08002741   Thumb Code   164  stm32f4xx_usart.o(i.USART_Init)
    USART_ReceiveData                        0x080027ed   Thumb Code     8  stm32f4xx_usart.o(i.USART_ReceiveData)
    USART_SendData                           0x080027f5   Thumb Code     8  stm32f4xx_usart.o(i.USART_SendData)
    UsageFault_Handler                       0x080027fd   Thumb Code     2  stm32f4xx_it.o(i.UsageFault_Handler)
    __0printf                                0x08002801   Thumb Code    22  printfa.o(i.__0printf)
    __1printf                                0x08002801   Thumb Code     0  printfa.o(i.__0printf)
    __2printf                                0x08002801   Thumb Code     0  printfa.o(i.__0printf)
    __c89printf                              0x08002801   Thumb Code     0  printfa.o(i.__0printf)
    printf                                   0x08002801   Thumb Code     0  printfa.o(i.__0printf)
    __0sprintf                               0x08002821   Thumb Code    34  printfa.o(i.__0sprintf)
    __1sprintf                               0x08002821   Thumb Code     0  printfa.o(i.__0sprintf)
    __2sprintf                               0x08002821   Thumb Code     0  printfa.o(i.__0sprintf)
    __c89sprintf                             0x08002821   Thumb Code     0  printfa.o(i.__0sprintf)
    sprintf                                  0x08002821   Thumb Code     0  printfa.o(i.__0sprintf)
    __ARM_fpclassify                         0x08002849   Thumb Code    48  fpclassify.o(i.__ARM_fpclassify)
    __hardfp_atan                            0x08002879   Thumb Code   622  atan.o(i.__hardfp_atan)
    __hardfp_fabs                            0x08002b51   Thumb Code    20  fabs.o(i.__hardfp_fabs)
    __hardfp_sqrt                            0x08002b65   Thumb Code   122  sqrt.o(i.__hardfp_sqrt)
    __kernel_poly                            0x08002bdf   Thumb Code   248  poly.o(i.__kernel_poly)
    __mathlib_dbl_infnan                     0x08002cd7   Thumb Code    20  dunder.o(i.__mathlib_dbl_infnan)
    __mathlib_dbl_underflow                  0x08002cf1   Thumb Code    24  dunder.o(i.__mathlib_dbl_underflow)
    __scatterload_copy                       0x08002d11   Thumb Code    14  handlers.o(i.__scatterload_copy)
    __scatterload_null                       0x08002d1f   Thumb Code     2  handlers.o(i.__scatterload_null)
    __scatterload_zeroinit                   0x08002d21   Thumb Code    14  handlers.o(i.__scatterload_zeroinit)
    __set_errno                              0x08002d31   Thumb Code     6  errno.o(i.__set_errno)
    cycle_queue_create                       0x080035f9   Thumb Code    18  cycle_queue.o(i.cycle_queue_create)
    cycle_queue_element_count                0x0800360b   Thumb Code     8  cycle_queue.o(i.cycle_queue_element_count)
    cycle_queue_peek                         0x08003613   Thumb Code    66  cycle_queue.o(i.cycle_queue_peek)
    cycle_queue_pop                          0x08003655   Thumb Code     6  cycle_queue.o(i.cycle_queue_pop)
    cycle_queue_push_empty                   0x0800365b   Thumb Code    74  cycle_queue.o(i.cycle_queue_push_empty)
    ec_ALstatuscode2string                   0x080036a5   Thumb Code    42  ethercatprint.o(i.ec_ALstatuscode2string)
    ec_SDOwrite                              0x080036d5   Thumb Code    42  ethercatcoe.o(i.ec_SDOwrite)
    ec_clearmbx                              0x08003705   Thumb Code     8  ethercatmain.o(i.ec_clearmbx)
    ec_close                                 0x0800370d   Thumb Code     8  ethercatmain.o(i.ec_close)
    ec_config_init                           0x08003719   Thumb Code     8  ethercatconfig.o(i.ec_config_init)
    ec_config_map                            0x08003725   Thumb Code     6  ethercatconfig.o(i.ec_config_map)
    ec_config_map_group                      0x0800372d   Thumb Code    10  ethercatconfig.o(i.ec_config_map_group)
    ec_configdc                              0x0800373d   Thumb Code     6  ethercatdc.o(i.ec_configdc)
    ec_dcsync0                               0x08003749   Thumb Code    26  ethercatdc.o(i.ec_dcsync0)
    ec_findconfig                            0x08003769   Thumb Code    40  ethercatconfig.o(i.ec_findconfig)
    ec_init                                  0x08003795   Thumb Code     8  ethercatmain.o(i.ec_init)
    ec_nextmbxcnt                            0x080037a1   Thumb Code    12  ethercatmain.o(i.ec_nextmbxcnt)
    ec_pdo_outframe                          0x080037ad   Thumb Code     6  nicdrv.o(i.ec_pdo_outframe)
    ec_readstate                             0x080037b9   Thumb Code     6  ethercatmain.o(i.ec_readstate)
    ec_receive_processdata                   0x080037c5   Thumb Code     8  ethercatmain.o(i.ec_receive_processdata)
    ec_receive_processdata_group             0x080037cd   Thumb Code    10  ethercatmain.o(i.ec_receive_processdata_group)
    ec_send_processdata                      0x080037dd   Thumb Code     6  ethercatmain.o(i.ec_send_processdata)
    ec_send_processdata_group                0x080037e5   Thumb Code     8  ethercatmain.o(i.ec_send_processdata_group)
    ec_set_pdo_queue                         0x080037f1   Thumb Code    10  nicdrv.o(i.ec_set_pdo_queue)
    ec_setupheader                           0x08003801   Thumb Code    42  nicdrv.o(i.ec_setupheader)
    ec_statecheck                            0x0800382d   Thumb Code    12  ethercatmain.o(i.ec_statecheck)
    ec_writestate                            0x0800383d   Thumb Code     8  ethercatmain.o(i.ec_writestate)
    ecat_app                                 0x08003849   Thumb Code  3112  main.o(i.ecat_app)
    ecx_APRD                                 0x0800449d   Thumb Code   102  ethercatbase.o(i.ecx_APRD)
    ecx_APRDw                                0x08004503   Thumb Code    26  ethercatbase.o(i.ecx_APRDw)
    ecx_APWR                                 0x0800451d   Thumb Code    82  ethercatbase.o(i.ecx_APWR)
    ecx_APWRw                                0x0800456f   Thumb Code    22  ethercatbase.o(i.ecx_APWRw)
    ecx_BRD                                  0x08004585   Thumb Code   102  ethercatbase.o(i.ecx_BRD)
    ecx_BWR                                  0x080045eb   Thumb Code    82  ethercatbase.o(i.ecx_BWR)
    ecx_FPRD                                 0x0800463d   Thumb Code   102  ethercatbase.o(i.ecx_FPRD)
    ecx_FPRDw                                0x080046a3   Thumb Code    26  ethercatbase.o(i.ecx_FPRDw)
    ecx_FPWR                                 0x080046bd   Thumb Code    82  ethercatbase.o(i.ecx_FPWR)
    ecx_FPWRw                                0x0800470f   Thumb Code    22  ethercatbase.o(i.ecx_FPWRw)
    ecx_SDOerror                             0x08004725   Thumb Code    42  ethercatcoe.o(i.ecx_SDOerror)
    ecx_SDOread                              0x0800474f   Thumb Code   710  ethercatcoe.o(i.ecx_SDOread)
    ecx_SDOwrite                             0x08004a15   Thumb Code   884  ethercatcoe.o(i.ecx_SDOwrite)
    ecx_SoEerror                             0x08004d89   Thumb Code    44  ethercatsoe.o(i.ecx_SoEerror)
    ecx_SoEread                              0x08004db5   Thumb Code   410  ethercatsoe.o(i.ecx_SoEread)
    ecx_adddatagram                          0x08004f4f   Thumb Code   128  ethercatbase.o(i.ecx_adddatagram)
    ecx_closenic                             0x08004fcf   Thumb Code     4  nicdrv.o(i.ecx_closenic)
    ecx_config_init                          0x08004fd5   Thumb Code  2852  ethercatconfig.o(i.ecx_config_init)
    ecx_config_map_group                     0x08005b19   Thumb Code  3584  ethercatconfig.o(i.ecx_config_map_group)
    ecx_configdc                             0x08006949   Thumb Code  1022  ethercatdc.o(i.ecx_configdc)
    ecx_dcsync0                              0x08006d49   Thumb Code   300  ethercatdc.o(i.ecx_dcsync0)
    ecx_eeprom2master                        0x08006e89   Thumb Code   132  ethercatmain.o(i.ecx_eeprom2master)
    ecx_eeprom2pdi                           0x08006f0d   Thumb Code    90  ethercatmain.o(i.ecx_eeprom2pdi)
    ecx_eeprom_waitnotbusyFP                 0x08006f67   Thumb Code    94  ethercatmain.o(i.ecx_eeprom_waitnotbusyFP)
    ecx_getindex                             0x08006fc5   Thumb Code    84  nicdrv.o(i.ecx_getindex)
    ecx_inframe                              0x08007019   Thumb Code   236  nicdrv.o(i.ecx_inframe)
    ecx_init                                 0x08007105   Thumb Code     8  ethercatmain.o(i.ecx_init)
    ecx_mbxempty                             0x0800710d   Thumb Code   130  ethercatmain.o(i.ecx_mbxempty)
    ecx_mbxreceive                           0x0800718f   Thumb Code   490  ethercatmain.o(i.ecx_mbxreceive)
    ecx_mbxsend                              0x08007379   Thumb Code    84  ethercatmain.o(i.ecx_mbxsend)
    ecx_outframe                             0x080073cd   Thumb Code   122  nicdrv.o(i.ecx_outframe)
    ecx_outframe_red                         0x0800744d   Thumb Code   124  nicdrv.o(i.ecx_outframe_red)
    ecx_packeterror                          0x080074cd   Thumb Code    44  ethercatmain.o(i.ecx_packeterror)
    ecx_pdo_outframe                         0x0800753d   Thumb Code    52  nicdrv.o(i.ecx_pdo_outframe)
    ecx_pusherror                            0x08007625   Thumb Code   104  ethercatmain.o(i.ecx_pusherror)
    ecx_readIDNmap                           0x080076bd   Thumb Code   314  ethercatsoe.o(i.ecx_readIDNmap)
    ecx_readPDOassign                        0x080077fd   Thumb Code   242  ethercatcoe.o(i.ecx_readPDOassign)
    ecx_readPDOassignCA                      0x080078f5   Thumb Code   162  ethercatcoe.o(i.ecx_readPDOassignCA)
    ecx_readPDOmap                           0x0800799d   Thumb Code   376  ethercatcoe.o(i.ecx_readPDOmap)
    ecx_readPDOmapCA                         0x08007b19   Thumb Code   290  ethercatcoe.o(i.ecx_readPDOmapCA)
    ecx_readeeprom                           0x08007c41   Thumb Code    44  ethercatmain.o(i.ecx_readeeprom)
    ecx_readeeprom1                          0x08007c6d   Thumb Code   152  ethercatmain.o(i.ecx_readeeprom1)
    ecx_readeeprom2                          0x08007d05   Thumb Code    90  ethercatmain.o(i.ecx_readeeprom2)
    ecx_readeepromFP                         0x08007d5f   Thumb Code   280  ethercatmain.o(i.ecx_readeepromFP)
    ecx_readstate                            0x08007e77   Thumb Code   132  ethercatmain.o(i.ecx_readstate)
    ecx_receive_processdata_group            0x08007efb   Thumb Code   270  ethercatmain.o(i.ecx_receive_processdata_group)
    ecx_send_processdata_group               0x08008091   Thumb Code   932  ethercatmain.o(i.ecx_send_processdata_group)
    ecx_set_pdo_queue                        0x08008435   Thumb Code    30  nicdrv.o(i.ecx_set_pdo_queue)
    ecx_setbufstat                           0x08008453   Thumb Code    36  nicdrv.o(i.ecx_setbufstat)
    ecx_setupdatagram                        0x08008477   Thumb Code    84  ethercatbase.o(i.ecx_setupdatagram)
    ecx_setupnic                             0x080084cb   Thumb Code   202  nicdrv.o(i.ecx_setupnic)
    ecx_siiFMMU                              0x08008595   Thumb Code   184  ethercatmain.o(i.ecx_siiFMMU)
    ecx_siiPDO                               0x0800864d   Thumb Code   390  ethercatmain.o(i.ecx_siiPDO)
    ecx_siiSM                                0x080087d3   Thumb Code   240  ethercatmain.o(i.ecx_siiSM)
    ecx_siiSMnext                            0x080088c3   Thumb Code   210  ethercatmain.o(i.ecx_siiSMnext)
    ecx_siifind                              0x08008995   Thumb Code   160  ethercatmain.o(i.ecx_siifind)
    ecx_siigetbyte                           0x08008a35   Thumb Code   202  ethercatmain.o(i.ecx_siigetbyte)
    ecx_siistring                            0x08008aff   Thumb Code   176  ethercatmain.o(i.ecx_siistring)
    ecx_srconfirm                            0x08008baf   Thumb Code    86  nicdrv.o(i.ecx_srconfirm)
    ecx_statecheck                           0x08008c05   Thumb Code   190  ethercatmain.o(i.ecx_statecheck)
    ecx_waitinframe                          0x08008cc3   Thumb Code    42  nicdrv.o(i.ecx_waitinframe)
    ecx_writestate                           0x08008e3f   Thumb Code    62  ethercatmain.o(i.ecx_writestate)
    ethernetif_init                          0x08008e7d   Thumb Code    58  netconf.o(i.ethernetif_init)
    fabs                                     0x08008ec9   Thumb Code    24  fabs.o(i.fabs)
    fputc                                    0x08008ee1   Thumb Code    30  bsp_debug_usart.o(i.fputc)
    main                                     0x08008f05   Thumb Code   170  main.o(i.main)
    mcoinit                                  0x08008fed   Thumb Code    52  lan8742a.o(i.mcoinit)
    osal_getSysTime                          0x08009025   Thumb Code    12  bsp_systick.o(i.osal_getSysTime)
    osal_getSysTime_us                       0x08009035   Thumb Code    18  bsp_systick.o(i.osal_getSysTime_us)
    osal_timer_is_expired                    0x08009051   Thumb Code    60  bsp_systick.o(i.osal_timer_is_expired)
    osal_timer_start                         0x0800908d   Thumb Code    80  bsp_systick.o(i.osal_timer_start)
    osal_usleep                              0x080090e1   Thumb Code     8  bsp_systick.o(i.osal_usleep)
    simpletest                               0x080090e9   Thumb Code   838  main.o(i.simpletest)
    target_limit_int                         0x080096d5   Thumb Code    16  timer.o(i.target_limit_int)
    ec_configlist                            0x080098e4   Data         240  ethercatconfig.o(.constdata)
    ec_sdoerrorlist                          0x080099d4   Data        4224  ethercatprint.o(.constdata)
    ec_ALstatuscodelist                      0x0800aa54   Data        6760  ethercatprint.o(.constdata)
    ec_soeerrorlist                          0x0800c4bc   Data        6630  ethercatprint.o(.constdata)
    ec_mbxerrorlist                          0x0800dea2   Data        1300  ethercatprint.o(.constdata)
    Region$$Table$$Base                      0x0800e52c   Number         0  anon$$obj.o(Region$$Table)
    Region$$Table$$Limit                     0x0800e54c   Number         0  anon$$obj.o(Region$$Table)
    SystemCoreClock                          0x20000000   Data           4  system_stm32f4xx.o(.data)
    AHBPrescTable                            0x20000004   Data          16  system_stm32f4xx.o(.data)
    needlf                                   0x20000028   Data           1  main.o(.data)
    inOP                                     0x20000029   Data           1  main.o(.data)
    pdoTimeFlag                              0x2000002c   Data           4  main.o(.data)
    dorun                                    0x20000030   Data           4  main.o(.data)
    LocalTime                                0x20000034   Data           4  main.o(.data)
    oloop                                    0x20000038   Data           4  main.o(.data)
    iloop                                    0x2000003c   Data           4  main.o(.data)
    expectedWKC                              0x20000040   Data           4  main.o(.data)
    app_time_base                            0x20000048   Data           8  main.o(.data)
    ref_time_base                            0x20000050   Data           8  main.o(.data)
    sync_start_time                          0x20000058   Data           8  main.o(.data)
    app_time_offset                          0x20000060   Data           8  main.o(.data)
    TIM8CH1_CAPTURE_STA                      0x20000068   Data           1  timer.o(.data)
    TIM8CH2_CAPTURE_STA                      0x20000069   Data           1  timer.o(.data)
    TIM8CH3_CAPTURE_STA                      0x2000006a   Data           1  timer.o(.data)
    TIM8CH4_CAPTURE_STA                      0x2000006b   Data           1  timer.o(.data)
    TIM8CH1_CAPTURE_UPVAL                    0x20000072   Data           2  timer.o(.data)
    TIM8CH1_CAPTURE_DOWNVAL                  0x20000074   Data           2  timer.o(.data)
    TIM8CH2_CAPTURE_UPVAL                    0x20000076   Data           2  timer.o(.data)
    TIM8CH2_CAPTURE_DOWNVAL                  0x20000078   Data           2  timer.o(.data)
    TIM8CH3_CAPTURE_UPVAL                    0x2000007a   Data           2  timer.o(.data)
    TIM8CH3_CAPTURE_DOWNVAL                  0x2000007c   Data           2  timer.o(.data)
    TIM8CH4_CAPTURE_UPVAL                    0x2000007e   Data           2  timer.o(.data)
    TIM8CH4_CAPTURE_DOWNVAL                  0x20000080   Data           2  timer.o(.data)
    FLAG_03                                  0x20000084   Data           4  timer.o(.data)
    FLAG_10                                  0x20000088   Data           4  timer.o(.data)
    RC_Velocity                              0x2000008c   Data           4  timer.o(.data)
    vel_yy                                   0x20000090   Data           4  timer.o(.data)
    Remoter_Ch1                              0x20000094   Data           4  timer.o(.data)
    Remoter_Ch2                              0x20000098   Data           4  timer.o(.data)
    Remoter_Ch3                              0x2000009c   Data           4  timer.o(.data)
    Remoter_Ch4                              0x200000a0   Data           4  timer.o(.data)
    L_Remoter_Ch1                            0x200000a4   Data           4  timer.o(.data)
    L_Remoter_Ch2                            0x200000a8   Data           4  timer.o(.data)
    L_Remoter_Ch3                            0x200000ac   Data           4  timer.o(.data)
    L_Remoter_Ch4                            0x200000b0   Data           4  timer.o(.data)
    TIM8_T1                                  0x200000b4   Data           4  timer.o(.data)
    TIM8_T2                                  0x200000b8   Data           4  timer.o(.data)
    TIM8_T3                                  0x200000bc   Data           4  timer.o(.data)
    TIM8_T4                                  0x200000c0   Data           4  timer.o(.data)
    Move_X                                   0x200000c4   Data           4  timer.o(.data)
    Move_Y                                   0x200000c8   Data           4  timer.o(.data)
    Move_Z                                   0x200000cc   Data           4  timer.o(.data)
    DATA_10H                                 0x200000d0   Data          64  timer.o(.data)
    vel                                      0x20000110   Data           4  timer.o(.data)
    RS485_10H_FLAG                           0x20000114   Data           1  timer.o(.data)
    Rx_flag                                  0x20000116   Data           1  rs485.o(.data)
    time_start                               0x20000117   Data           1  rs485.o(.data)
    timout                                   0x20000118   Data           1  rs485.o(.data)
    RX_COUNT                                 0x20000119   Data           1  rs485.o(.data)
    MB_SLAVEADDR                             0x2000011a   Data           1  rs485.o(.data)
    RS485_10H_temp                           0x2000011b   Data           1  rs485.o(.data)
    RS485_10H_temp1                          0x2000011c   Data           1  rs485.o(.data)
    RS485_06H                                0x20000120   Data           2  rs485.o(.data)
    sys_timer                                0x20000128   Data           8  bsp_systick.o(.data)
    EthLinkStatus                            0x20000130   Data           1  lan8742a.o(.data)
    EthStatus                                0x20000134   Data           4  lan8742a.o(.data)
    DMATxDescToSet                           0x20000138   Data           4  stm32f429_eth.o(.data)
    DMARxDescToGet                           0x2000013c   Data           4  stm32f429_eth.o(.data)
    DMA_RX_FRAME_infos                       0x20000140   Data           4  stm32f429_eth.o(.data)
    EcatError                                0x20000144   Data           1  ethercatmain.o(.data)
    ecx_context                              0x20000148   Data          80  ethercatmain.o(.data)
    ec_slavecount                            0x20000198   Data           4  ethercatmain.o(.data)
    ec_DCtime                                0x200001a8   Data           8  ethercatmain.o(.data)
    __stdout                                 0x200001b0   Data           4  stdout.o(.data)
    temp                                     0x200001b8   Data          36  main.o(.bss)
    servo_on_setp                            0x200001dc   Data           9  main.o(.bss)
    servo_on                                 0x200001e5   Data           9  main.o(.bss)
    cur_pos                                  0x200001f0   Data          36  main.o(.bss)
    cur_status                               0x20000214   Data          18  main.o(.bss)
    outputs                                  0x20000228   Data          36  main.o(.bss)
    inputs                                   0x2000024c   Data          36  main.o(.bss)
    IOmap                                    0x20000270   Data        1024  main.o(.bss)
    Tx_Buf                                   0x20000670   Data         256  rs485.o(.bss)
    Rx_Buf                                   0x20000770   Data         256  rs485.o(.bss)
    ETH_InitStructure                        0x20000870   Data         188  lan8742a.o(.bss)
    DMARxDscrTab                             0x2000092c   Data          32  stm32f429_eth.o(.bss)
    DMATxDscrTab                             0x2000094c   Data          32  stm32f429_eth.o(.bss)
    Rx_Buff                                  0x2000096c   Data        3048  stm32f429_eth.o(.bss)
    Tx_Buff                                  0x20001554   Data        3048  stm32f429_eth.o(.bss)
    RX_Frame_Descriptor                      0x2000213c   Data          12  stm32f429_eth.o(.bss)
    ec_slave                                 0x20002148   Data        3320  ethercatmain.o(.bss)
    ec_group                                 0x20002e40   Data         592  ethercatmain.o(.bss)
    ecx_port                                 0x20004914   Data       12248  ethercatmain.o(.bss)
    __initial_sp                             0x2000b8f0   Data           0  startup_stm32f40xx.o(STACK)



==============================================================================

Memory Map of the image

  Image Entry point : 0x08000189

  Load Region LR_IROM1 (Base: 0x08000000, Size: 0x0000e704, Max: 0x00100000, ABSOLUTE, COMPRESSED[0x0000e5c8])

    Execution Region ER_IROM1 (Base: 0x08000000, Size: 0x0000e54c, Max: 0x00100000, ABSOLUTE)

    Base Addr    Size         Type   Attr      Idx    E Section Name        Object

    0x08000000   0x00000188   Data   RO            3    RESET               startup_stm32f40xx.o
    0x08000188   0x00000000   Code   RO         7741  * .ARM.Collect$$$$00000000  mc_w.l(entry.o)
    0x08000188   0x00000004   Code   RO         8057    .ARM.Collect$$$$00000001  mc_w.l(entry2.o)
    0x0800018c   0x00000004   Code   RO         8060    .ARM.Collect$$$$00000004  mc_w.l(entry5.o)
    0x08000190   0x00000000   Code   RO         8062    .ARM.Collect$$$$00000008  mc_w.l(entry7b.o)
    0x08000190   0x00000000   Code   RO         8064    .ARM.Collect$$$$0000000A  mc_w.l(entry8b.o)
    0x08000190   0x00000008   Code   RO         8065    .ARM.Collect$$$$0000000B  mc_w.l(entry9a.o)
    0x08000198   0x00000000   Code   RO         8067    .ARM.Collect$$$$0000000D  mc_w.l(entry10a.o)
    0x08000198   0x00000000   Code   RO         8069    .ARM.Collect$$$$0000000F  mc_w.l(entry11a.o)
    0x08000198   0x00000004   Code   RO         8058    .ARM.Collect$$$$00002712  mc_w.l(entry2.o)
    0x0800019c   0x00000024   Code   RO            4    .text               startup_stm32f40xx.o
    0x080001c0   0x00000062   Code   RO         7744    .text               mc_w.l(ldiv.o)
    0x08000222   0x00000024   Code   RO         7746    .text               mc_w.l(memcpya.o)
    0x08000246   0x00000024   Code   RO         7748    .text               mc_w.l(memseta.o)
    0x0800026a   0x00000012   Code   RO         7754    .text               mc_w.l(strcpy.o)
    0x0800027c   0x0000014e   Code   RO         8019    .text               mf_w.l(dadd.o)
    0x080003ca   0x000000e4   Code   RO         8021    .text               mf_w.l(dmul.o)
    0x080004ae   0x000000de   Code   RO         8023    .text               mf_w.l(ddiv.o)
    0x0800058c   0x00000022   Code   RO         8027    .text               mf_w.l(dflti.o)
    0x080005ae   0x0000003e   Code   RO         8029    .text               mf_w.l(dfixi.o)
    0x080005ec   0x00000026   Code   RO         8031    .text               mf_w.l(f2d.o)
    0x08000612   0x00000002   PAD
    0x08000614   0x00000030   Code   RO         8033    .text               mf_w.l(cdcmple.o)
    0x08000644   0x00000030   Code   RO         8035    .text               mf_w.l(cdrcmple.o)
    0x08000674   0x00000038   Code   RO         8037    .text               mf_w.l(d2f.o)
    0x080006ac   0x0000002c   Code   RO         8072    .text               mc_w.l(uidiv.o)
    0x080006d8   0x00000062   Code   RO         8074    .text               mc_w.l(uldiv.o)
    0x0800073a   0x0000001e   Code   RO         8076    .text               mc_w.l(llshl.o)
    0x08000758   0x00000020   Code   RO         8078    .text               mc_w.l(llushr.o)
    0x08000778   0x00000024   Code   RO         8080    .text               mc_w.l(llsshr.o)
    0x0800079c   0x00000000   Code   RO         8089    .text               mc_w.l(iusefp.o)
    0x0800079c   0x0000006e   Code   RO         8090    .text               mf_w.l(fepilogue.o)
    0x0800080a   0x000000ba   Code   RO         8092    .text               mf_w.l(depilogue.o)
    0x080008c4   0x000000a2   Code   RO         8094    .text               mf_w.l(dsqrt.o)
    0x08000966   0x00000030   Code   RO         8096    .text               mf_w.l(dfixul.o)
    0x08000996   0x00000002   PAD
    0x08000998   0x00000024   Code   RO         8098    .text               mc_w.l(init.o)
    0x080009bc   0x00000056   Code   RO         8108    .text               mc_w.l(__dczerorl2.o)
    0x08000a12   0x00000002   Code   RO         4924    i.BusFault_Handler  stm32f4xx_it.o
    0x08000a14   0x00000002   Code   RO         4925    i.DebugMon_Handler  stm32f4xx_it.o
    0x08000a16   0x00000002   PAD
    0x08000a18   0x000000a0   Code   RO         5433    i.Debug_USART_Config  bsp_debug_usart.o
    0x08000ab8   0x00000014   Code   RO         5346    i.Delay_ms          bsp_systick.o
    0x08000acc   0x00000014   Code   RO         5347    i.Delay_us          bsp_systick.o
    0x08000ae0   0x00000050   Code   RO         5503    i.ETH_BSP_Config    lan8742a.o
    0x08000b30   0x00000070   Code   RO         5566    i.ETH_CheckFrameReceived  stm32f429_eth.o
    0x08000ba0   0x0000001c   Code   RO         5570    i.ETH_DMAReceptionCmd  stm32f429_eth.o
    0x08000bbc   0x00000058   Code   RO         5571    i.ETH_DMARxDescChainInit  stm32f429_eth.o
    0x08000c14   0x0000001c   Code   RO         5573    i.ETH_DMATransmissionCmd  stm32f429_eth.o
    0x08000c30   0x00000048   Code   RO         5576    i.ETH_DMATxDescChainInit  stm32f429_eth.o
    0x08000c78   0x00000018   Code   RO         5582    i.ETH_DeInit        stm32f429_eth.o
    0x08000c90   0x00000012   Code   RO         5583    i.ETH_Delay         stm32f429_eth.o
    0x08000ca2   0x00000002   PAD
    0x08000ca4   0x00000024   Code   RO         5584    i.ETH_FlushTransmitFIFO  stm32f429_eth.o
    0x08000cc8   0x00000128   Code   RO         5506    i.ETH_GPIO_Config   lan8742a.o
    0x08000df0   0x00000014   Code   RO         5609    i.ETH_GetSoftwareResetStatus  stm32f429_eth.o
    0x08000e04   0x00000028   Code   RO         5611    i.ETH_Get_Received_Frame  stm32f429_eth.o
    0x08000e2c   0x0000028c   Code   RO         5614    i.ETH_Init          stm32f429_eth.o
    0x080010b8   0x0000001c   Code   RO         5616    i.ETH_MACAddressConfig  stm32f429_eth.o
    0x080010d4   0x00000080   Code   RO         5507    i.ETH_MACDMA_Config  lan8742a.o
    0x08001154   0x00000030   Code   RO         5621    i.ETH_MACReceptionCmd  stm32f429_eth.o
    0x08001184   0x00000030   Code   RO         5622    i.ETH_MACTransmissionCmd  stm32f429_eth.o
    0x080011b4   0x000000b0   Code   RO         5633    i.ETH_Prepare_Transmit_Descriptors  stm32f429_eth.o
    0x08001264   0x00000058   Code   RO         5634    i.ETH_ReadPHYRegister  stm32f429_eth.o
    0x080012bc   0x00000010   Code   RO         5642    i.ETH_SoftwareReset  stm32f429_eth.o
    0x080012cc   0x00000022   Code   RO         5643    i.ETH_Start         stm32f429_eth.o
    0x080012ee   0x00000088   Code   RO         5645    i.ETH_StructInit    stm32f429_eth.o
    0x08001376   0x00000002   PAD
    0x08001378   0x00000054   Code   RO         5647    i.ETH_WritePHYRegister  stm32f429_eth.o
    0x080013cc   0x00000078   Code   RO         1857    i.GPIO_Init         stm32f4xx_gpio.o
    0x08001444   0x00000020   Code   RO         1858    i.GPIO_PinAFConfig  stm32f4xx_gpio.o
    0x08001464   0x00000004   Code   RO         1864    i.GPIO_ResetBits    stm32f4xx_gpio.o
    0x08001468   0x00000004   Code   RO         1865    i.GPIO_SetBits      stm32f4xx_gpio.o
    0x0800146c   0x00000018   Code   RO         4926    i.HardFault_Handler  stm32f4xx_it.o
    0x08001484   0x00000028   Code   RO         5474    i.Key_GPIO_Config   bsp_key.o
    0x080014ac   0x00000034   Code   RO         5322    i.LED_GPIO_Config   bsp_led.o
    0x080014e0   0x0000002c   Code   RO         5251    i.MB_CRC16          bsp_mb_host.o
    0x0800150c   0x00000034   Code   RO         5253    i.MB_ReadHoldingReg_03H  bsp_mb_host.o
    0x08001540   0x00000058   Code   RO         5258    i.MB_WriteNumHoldingReg_10H  bsp_mb_host.o
    0x08001598   0x00000002   Code   RO         4927    i.MemManage_Handler  stm32f4xx_it.o
    0x0800159a   0x00000002   Code   RO         4928    i.NMI_Handler       stm32f4xx_it.o
    0x0800159c   0x00000064   Code   RO          155    i.NVIC_Init         misc.o
    0x08001600   0x00000014   Code   RO          156    i.NVIC_PriorityGroupConfig  misc.o
    0x08001614   0x00000020   Code   RO         5348    i.NVIC_SetPriority  bsp_systick.o
    0x08001634   0x00000002   Code   RO         4929    i.PendSV_Handler    stm32f4xx_it.o
    0x08001636   0x00000002   PAD
    0x08001638   0x00000018   Code   RO         2561    i.RCC_AHB1PeriphClockCmd  stm32f4xx_rcc.o
    0x08001650   0x00000018   Code   RO         2563    i.RCC_AHB1PeriphResetCmd  stm32f4xx_rcc.o
    0x08001668   0x00000018   Code   RO         2570    i.RCC_APB1PeriphClockCmd  stm32f4xx_rcc.o
    0x08001680   0x00000018   Code   RO         2573    i.RCC_APB2PeriphClockCmd  stm32f4xx_rcc.o
    0x08001698   0x00000094   Code   RO         2582    i.RCC_GetClocksFreq  stm32f4xx_rcc.o
    0x0800172c   0x00000014   Code   RO         2595    i.RCC_MCO1Config    stm32f4xx_rcc.o
    0x08001740   0x000000b8   Code   RO         5125    i.RS485_Init        rs485.o
    0x080017f8   0x00000300   Code   RO         5126    i.RS485_Receive_Data  rs485.o
    0x08001af8   0x00000040   Code   RO         5127    i.RS485_Send_Data   rs485.o
    0x08001b38   0x00000144   Code   RO         5059    i.Remote_Control    timer.o
    0x08001c7c   0x00000002   Code   RO         4930    i.SVC_Handler       stm32f4xx_it.o
    0x08001c7e   0x00000002   PAD
    0x08001c80   0x0000000c   Code   RO         3883    i.SYSCFG_ETH_MediaInterfaceConfig  stm32f4xx_syscfg.o
    0x08001c8c   0x00000220   Code   RO         4750    i.Servosetup        main.o
    0x08001eac   0x000000b4   Code   RO           13    i.SetSysClock       system_stm32f4xx.o
    0x08001f60   0x00000004   Code   RO         4931    i.SysTick_Handler   stm32f4xx_it.o
    0x08001f64   0x00000044   Code   RO         5349    i.SysTick_Init      bsp_systick.o
    0x08001fa8   0x0000005c   Code   RO           15    i.SystemInit        system_stm32f4xx.o
    0x08002004   0x00000058   Code   RO         4751    i.TIM3_IRQHandler   main.o
    0x0800205c   0x000002c8   Code   RO         5060    i.TIM8_CC_IRQHandler  timer.o
    0x08002324   0x00000070   Code   RO         5061    i.TIM8_Cap_Init     timer.o
    0x08002394   0x00000150   Code   RO         5062    i.TIM8_UP_TIM13_IRQHandler  timer.o
    0x080024e4   0x00000006   Code   RO         3950    i.TIM_ClearITPendingBit  stm32f4xx_tim.o
    0x080024ea   0x00000014   Code   RO         3955    i.TIM_Cmd           stm32f4xx_tim.o
    0x080024fe   0x00000016   Code   RO         3957    i.TIM_CtrlPWMOutputs  stm32f4xx_tim.o
    0x08002514   0x00000004   Code   RO         3970    i.TIM_GetCapture1   stm32f4xx_tim.o
    0x08002518   0x00000004   Code   RO         3971    i.TIM_GetCapture2   stm32f4xx_tim.o
    0x0800251c   0x00000004   Code   RO         3972    i.TIM_GetCapture3   stm32f4xx_tim.o
    0x08002520   0x00000004   Code   RO         3973    i.TIM_GetCapture4   stm32f4xx_tim.o
    0x08002524   0x00000018   Code   RO         3976    i.TIM_GetITStatus   stm32f4xx_tim.o
    0x0800253c   0x00000010   Code   RO         3980    i.TIM_ITConfig      stm32f4xx_tim.o
    0x0800254c   0x0000000c   Code   RO         3986    i.TIM_OC1PolarityConfig  stm32f4xx_tim.o
    0x08002558   0x00000014   Code   RO         3991    i.TIM_OC2PolarityConfig  stm32f4xx_tim.o
    0x0800256c   0x00000014   Code   RO         3996    i.TIM_OC3PolarityConfig  stm32f4xx_tim.o
    0x08002580   0x00000014   Code   RO         4000    i.TIM_OC4PolarityConfig  stm32f4xx_tim.o
    0x08002594   0x0000007c   Code   RO         4027    i.TIM_TimeBaseInit  stm32f4xx_tim.o
    0x08002610   0x00000038   Code   RO         5350    i.TimingDelay_Decrement  bsp_systick.o
    0x08002648   0x00000054   Code   RO         5128    i.UART4_IRQHandler  rs485.o
    0x0800269c   0x00000006   Code   RO         4492    i.USART_ClearFlag   stm32f4xx_usart.o
    0x080026a2   0x0000000c   Code   RO         4493    i.USART_ClearITPendingBit  stm32f4xx_usart.o
    0x080026ae   0x00000014   Code   RO         4496    i.USART_Cmd         stm32f4xx_usart.o
    0x080026c2   0x0000000e   Code   RO         4499    i.USART_GetFlagStatus  stm32f4xx_usart.o
    0x080026d0   0x0000003e   Code   RO         4500    i.USART_GetITStatus  stm32f4xx_usart.o
    0x0800270e   0x00000030   Code   RO         4502    i.USART_ITConfig    stm32f4xx_usart.o
    0x0800273e   0x00000002   PAD
    0x08002740   0x000000ac   Code   RO         4503    i.USART_Init        stm32f4xx_usart.o
    0x080027ec   0x00000008   Code   RO         4510    i.USART_ReceiveData  stm32f4xx_usart.o
    0x080027f4   0x00000008   Code   RO         4513    i.USART_SendData    stm32f4xx_usart.o
    0x080027fc   0x00000002   Code   RO         4932    i.UsageFault_Handler  stm32f4xx_it.o
    0x080027fe   0x00000002   PAD
    0x08002800   0x00000020   Code   RO         7991    i.__0printf         mc_w.l(printfa.o)
    0x08002820   0x00000028   Code   RO         7993    i.__0sprintf        mc_w.l(printfa.o)
    0x08002848   0x00000030   Code   RO         8053    i.__ARM_fpclassify  m_wm.l(fpclassify.o)
    0x08002878   0x000002d8   Code   RO         7709    i.__hardfp_atan     m_wm.l(atan.o)
    0x08002b50   0x00000014   Code   RO         7723    i.__hardfp_fabs     m_wm.l(fabs.o)
    0x08002b64   0x0000007a   Code   RO         7729    i.__hardfp_sqrt     m_wm.l(sqrt.o)
    0x08002bde   0x000000f8   Code   RO         8055    i.__kernel_poly     m_wm.l(poly.o)
    0x08002cd6   0x00000014   Code   RO         8040    i.__mathlib_dbl_infnan  m_wm.l(dunder.o)
    0x08002cea   0x00000006   PAD
    0x08002cf0   0x00000020   Code   RO         8045    i.__mathlib_dbl_underflow  m_wm.l(dunder.o)
    0x08002d10   0x0000000e   Code   RO         8102    i.__scatterload_copy  mc_w.l(handlers.o)
    0x08002d1e   0x00000002   Code   RO         8103    i.__scatterload_null  mc_w.l(handlers.o)
    0x08002d20   0x0000000e   Code   RO         8104    i.__scatterload_zeroinit  mc_w.l(handlers.o)
    0x08002d2e   0x00000002   PAD
    0x08002d30   0x0000000c   Code   RO         8084    i.__set_errno       mc_w.l(errno.o)
    0x08002d3c   0x00000184   Code   RO         7998    i._fp_digits        mc_w.l(printfa.o)
    0x08002ec0   0x000006dc   Code   RO         7999    i._printf_core      mc_w.l(printfa.o)
    0x0800359c   0x00000024   Code   RO         8000    i._printf_post_padding  mc_w.l(printfa.o)
    0x080035c0   0x0000002e   Code   RO         8001    i._printf_pre_padding  mc_w.l(printfa.o)
    0x080035ee   0x0000000a   Code   RO         8003    i._sputc            mc_w.l(printfa.o)
    0x080035f8   0x00000012   Code   RO         7639    i.cycle_queue_create  cycle_queue.o
    0x0800360a   0x00000008   Code   RO         7641    i.cycle_queue_element_count  cycle_queue.o
    0x08003612   0x00000042   Code   RO         7645    i.cycle_queue_peek  cycle_queue.o
    0x08003654   0x00000006   Code   RO         7646    i.cycle_queue_pop   cycle_queue.o
    0x0800365a   0x0000004a   Code   RO         7648    i.cycle_queue_push_empty  cycle_queue.o
    0x080036a4   0x00000030   Code   RO         7295    i.ec_ALstatuscode2string  ethercatprint.o
    0x080036d4   0x00000030   Code   RO         6343    i.ec_SDOwrite       ethercatcoe.o
    0x08003704   0x00000008   Code   RO         6774    i.ec_clearmbx       ethercatmain.o
    0x0800370c   0x0000000c   Code   RO         6775    i.ec_close          ethercatmain.o
    0x08003718   0x0000000c   Code   RO         6531    i.ec_config_init    ethercatconfig.o
    0x08003724   0x00000006   Code   RO         6532    i.ec_config_map     ethercatconfig.o
    0x0800372a   0x00000002   PAD
    0x0800372c   0x00000010   Code   RO         6533    i.ec_config_map_group  ethercatconfig.o
    0x0800373c   0x0000000c   Code   RO         6629    i.ec_configdc       ethercatdc.o
    0x08003748   0x00000020   Code   RO         6630    i.ec_dcsync0        ethercatdc.o
    0x08003768   0x0000002c   Code   RO         6534    i.ec_findconfig     ethercatconfig.o
    0x08003794   0x0000000c   Code   RO         6783    i.ec_init           ethercatmain.o
    0x080037a0   0x0000000c   Code   RO         6789    i.ec_nextmbxcnt     ethercatmain.o
    0x080037ac   0x0000000c   Code   RO         7426    i.ec_pdo_outframe   nicdrv.o
    0x080037b8   0x0000000c   Code   RO         6798    i.ec_readstate      ethercatmain.o
    0x080037c4   0x00000008   Code   RO         6799    i.ec_receive_processdata  ethercatmain.o
    0x080037cc   0x00000010   Code   RO         6800    i.ec_receive_processdata_group  ethercatmain.o
    0x080037dc   0x00000006   Code   RO         6801    i.ec_send_processdata  ethercatmain.o
    0x080037e2   0x00000002   PAD
    0x080037e4   0x0000000c   Code   RO         6802    i.ec_send_processdata_group  ethercatmain.o
    0x080037f0   0x00000010   Code   RO         7427    i.ec_set_pdo_queue  nicdrv.o
    0x08003800   0x0000002a   Code   RO         7429    i.ec_setupheader    nicdrv.o
    0x0800382a   0x00000002   PAD
    0x0800382c   0x00000010   Code   RO         6810    i.ec_statecheck     ethercatmain.o
    0x0800383c   0x0000000c   Code   RO         6814    i.ec_writestate     ethercatmain.o
    0x08003848   0x00000c54   Code   RO         4752    i.ecat_app          main.o
    0x0800449c   0x00000066   Code   RO         6107    i.ecx_APRD          ethercatbase.o
    0x08004502   0x0000001a   Code   RO         6108    i.ecx_APRDw         ethercatbase.o
    0x0800451c   0x00000052   Code   RO         6109    i.ecx_APWR          ethercatbase.o
    0x0800456e   0x00000016   Code   RO         6110    i.ecx_APWRw         ethercatbase.o
    0x08004584   0x00000066   Code   RO         6112    i.ecx_BRD           ethercatbase.o
    0x080045ea   0x00000052   Code   RO         6113    i.ecx_BWR           ethercatbase.o
    0x0800463c   0x00000066   Code   RO         6114    i.ecx_FPRD          ethercatbase.o
    0x080046a2   0x0000001a   Code   RO         6115    i.ecx_FPRDw         ethercatbase.o
    0x080046bc   0x00000052   Code   RO         6116    i.ecx_FPWR          ethercatbase.o
    0x0800470e   0x00000016   Code   RO         6117    i.ecx_FPWRw         ethercatbase.o
    0x08004724   0x0000002a   Code   RO         6354    i.ecx_SDOerror      ethercatcoe.o
    0x0800474e   0x000002c6   Code   RO         6356    i.ecx_SDOread       ethercatcoe.o
    0x08004a14   0x00000374   Code   RO         6357    i.ecx_SDOwrite      ethercatcoe.o
    0x08004d88   0x0000002c   Code   RO         7360    i.ecx_SoEerror      ethercatsoe.o
    0x08004db4   0x0000019a   Code   RO         7361    i.ecx_SoEread       ethercatsoe.o
    0x08004f4e   0x00000080   Code   RO         6123    i.ecx_adddatagram   ethercatbase.o
    0x08004fce   0x00000004   Code   RO         7433    i.ecx_closenic      nicdrv.o
    0x08004fd2   0x00000002   PAD
    0x08004fd4   0x00000b44   Code   RO         6537    i.ecx_config_init   ethercatconfig.o
    0x08005b18   0x00000e30   Code   RO         6538    i.ecx_config_map_group  ethercatconfig.o
    0x08006948   0x000003fe   Code   RO         6632    i.ecx_configdc      ethercatdc.o
    0x08006d46   0x00000002   PAD
    0x08006d48   0x00000140   Code   RO         6633    i.ecx_dcsync0       ethercatdc.o
    0x08006e88   0x00000084   Code   RO         6816    i.ecx_eeprom2master  ethercatmain.o
    0x08006f0c   0x0000005a   Code   RO         6817    i.ecx_eeprom2pdi    ethercatmain.o
    0x08006f66   0x0000005e   Code   RO         6819    i.ecx_eeprom_waitnotbusyFP  ethercatmain.o
    0x08006fc4   0x00000054   Code   RO         7434    i.ecx_getindex      nicdrv.o
    0x08007018   0x000000ec   Code   RO         7435    i.ecx_inframe       nicdrv.o
    0x08007104   0x00000008   Code   RO         6821    i.ecx_init          ethercatmain.o
    0x0800710c   0x00000082   Code   RO         6824    i.ecx_mbxempty      ethercatmain.o
    0x0800718e   0x000001ea   Code   RO         6825    i.ecx_mbxreceive    ethercatmain.o
    0x08007378   0x00000054   Code   RO         6826    i.ecx_mbxsend       ethercatmain.o
    0x080073cc   0x00000080   Code   RO         7436    i.ecx_outframe      nicdrv.o
    0x0800744c   0x00000080   Code   RO         7437    i.ecx_outframe_red  nicdrv.o
    0x080074cc   0x0000002c   Code   RO         6827    i.ecx_packeterror   ethercatmain.o
    0x080074f8   0x00000044   Code   RO         6635    i.ecx_parentport    ethercatdc.o
    0x0800753c   0x00000038   Code   RO         7438    i.ecx_pdo_outframe  nicdrv.o
    0x08007574   0x00000034   Code   RO         6636    i.ecx_porttime      ethercatdc.o
    0x080075a8   0x00000064   Code   RO         6637    i.ecx_prevport      ethercatdc.o
    0x0800760c   0x00000018   Code   RO         6829    i.ecx_pullindex     ethercatmain.o
    0x08007624   0x00000068   Code   RO         6830    i.ecx_pusherror     ethercatmain.o
    0x0800768c   0x00000030   Code   RO         6831    i.ecx_pushindex     ethercatmain.o
    0x080076bc   0x00000140   Code   RO         7363    i.ecx_readIDNmap    ethercatsoe.o
    0x080077fc   0x000000f8   Code   RO         6363    i.ecx_readPDOassign  ethercatcoe.o
    0x080078f4   0x000000a8   Code   RO         6364    i.ecx_readPDOassignCA  ethercatcoe.o
    0x0800799c   0x0000017c   Code   RO         6365    i.ecx_readPDOmap    ethercatcoe.o
    0x08007b18   0x00000128   Code   RO         6366    i.ecx_readPDOmapCA  ethercatcoe.o
    0x08007c40   0x0000002c   Code   RO         6832    i.ecx_readeeprom    ethercatmain.o
    0x08007c6c   0x00000098   Code   RO         6833    i.ecx_readeeprom1   ethercatmain.o
    0x08007d04   0x0000005a   Code   RO         6834    i.ecx_readeeprom2   ethercatmain.o
    0x08007d5e   0x00000118   Code   RO         6836    i.ecx_readeepromFP  ethercatmain.o
    0x08007e76   0x00000084   Code   RO         6837    i.ecx_readstate     ethercatmain.o
    0x08007efa   0x0000010e   Code   RO         6839    i.ecx_receive_processdata_group  ethercatmain.o
    0x08008008   0x00000088   Code   RO         7439    i.ecx_recvpkt       nicdrv.o
    0x08008090   0x000003a4   Code   RO         6841    i.ecx_send_processdata_group  ethercatmain.o
    0x08008434   0x0000001e   Code   RO         7440    i.ecx_set_pdo_queue  nicdrv.o
    0x08008452   0x00000024   Code   RO         7441    i.ecx_setbufstat    nicdrv.o
    0x08008476   0x00000054   Code   RO         6124    i.ecx_setupdatagram  ethercatbase.o
    0x080084ca   0x000000ca   Code   RO         7442    i.ecx_setupnic      nicdrv.o
    0x08008594   0x000000b8   Code   RO         6842    i.ecx_siiFMMU       ethercatmain.o
    0x0800864c   0x00000186   Code   RO         6843    i.ecx_siiPDO        ethercatmain.o
    0x080087d2   0x000000f0   Code   RO         6844    i.ecx_siiSM         ethercatmain.o
    0x080088c2   0x000000d2   Code   RO         6845    i.ecx_siiSMnext     ethercatmain.o
    0x08008994   0x000000a0   Code   RO         6846    i.ecx_siifind       ethercatmain.o
    0x08008a34   0x000000ca   Code   RO         6847    i.ecx_siigetbyte    ethercatmain.o
    0x08008afe   0x000000b0   Code   RO         6848    i.ecx_siistring     ethercatmain.o
    0x08008bae   0x00000056   Code   RO         7443    i.ecx_srconfirm     nicdrv.o
    0x08008c04   0x000000be   Code   RO         6849    i.ecx_statecheck    ethercatmain.o
    0x08008cc2   0x0000002a   Code   RO         7444    i.ecx_waitinframe   nicdrv.o
    0x08008cec   0x00000152   Code   RO         7445    i.ecx_waitinframe_red  nicdrv.o
    0x08008e3e   0x0000003e   Code   RO         6853    i.ecx_writestate    ethercatmain.o
    0x08008e7c   0x0000004c   Code   RO         5003    i.ethernetif_init   netconf.o
    0x08008ec8   0x00000018   Code   RO         7725    i.fabs              m_wm.l(fabs.o)
    0x08008ee0   0x00000024   Code   RO         5435    i.fputc             bsp_debug_usart.o
    0x08008f04   0x000000e8   Code   RO         4753    i.main              main.o
    0x08008fec   0x00000038   Code   RO         5508    i.mcoinit           lan8742a.o
    0x08009024   0x00000010   Code   RO         5351    i.osal_getSysTime   bsp_systick.o
    0x08009034   0x0000001c   Code   RO         5352    i.osal_getSysTime_us  bsp_systick.o
    0x08009050   0x0000003c   Code   RO         5353    i.osal_timer_is_expired  bsp_systick.o
    0x0800908c   0x00000054   Code   RO         5354    i.osal_timer_start  bsp_systick.o
    0x080090e0   0x00000008   Code   RO         5355    i.osal_usleep       bsp_systick.o
    0x080090e8   0x000005ec   Code   RO         4754    i.simpletest        main.o
    0x080096d4   0x00000010   Code   RO         5063    i.target_limit_int  timer.o
    0x080096e4   0x00000200   Data   RO         5259    .constdata          bsp_mb_host.o
    0x080098e4   0x000000f0   Data   RO         6541    .constdata          ethercatconfig.o
    0x080099d4   0x000049e2   Data   RO         7302    .constdata          ethercatprint.o
    0x0800e3b6   0x00000002   PAD
    0x0800e3b8   0x00000098   Data   RO         7712    .constdata          m_wm.l(atan.o)
    0x0800e450   0x00000051   Data   RO         4756    .conststring        main.o
    0x0800e4a1   0x00000003   PAD
    0x0800e4a4   0x00000086   Data   RO         6542    .conststring        ethercatconfig.o
    0x0800e52a   0x00000002   PAD
    0x0800e52c   0x00000020   Data   RO         8100    Region$$Table       anon$$obj.o


    Execution Region RW_IRAM1 (Base: 0x20000000, Size: 0x0000b8f0, Max: 0x00020000, ABSOLUTE, COMPRESSED[0x0000007c])

    Base Addr    Size         Type   Attr      Idx    E Section Name        Object

    0x20000000   0x00000014   Data   RW           16    .data               system_stm32f4xx.o
    0x20000014   0x00000010   Data   RW         2614    .data               stm32f4xx_rcc.o
    0x20000024   0x00000004   PAD
    0x20000028   0x00000028   Data   RW         4761    .data               main.o
    0x20000050   0x00000008   Data   RW         4773    .data               main.o
    0x20000058   0x00000008   Data   RW         4774    .data               main.o
    0x20000060   0x00000008   Data   RW         4775    .data               main.o
    0x20000068   0x000000a8   Data   RW         5064    .data               timer.o
    0x20000110   0x00000004   Data   RW         5065    .data               timer.o
    0x20000114   0x00000001   Data   RW         5066    .data               timer.o
    0x20000115   0x00000001   PAD
    0x20000116   0x0000000a   Data   RW         5131    .data               rs485.o
    0x20000120   0x00000002   Data   RW         5134    .data               rs485.o
    0x20000122   0x00000002   PAD
    0x20000124   0x0000000c   Data   RW         5356    .data               bsp_systick.o
    0x20000130   0x00000008   Data   RW         5510    .data               lan8742a.o
    0x20000138   0x0000000c   Data   RW         5653    .data               stm32f429_eth.o
    0x20000144   0x00000001   Data   RW         6866    .data               ethercatmain.o
    0x20000145   0x00000003   PAD
    0x20000148   0x00000050   Data   RW         6867    .data               ethercatmain.o
    0x20000198   0x00000004   Data   RW         6868    .data               ethercatmain.o
    0x2000019c   0x00000008   Data   RW         6869    .data               ethercatmain.o
    0x200001a4   0x00000004   PAD
    0x200001a8   0x00000008   Data   RW         6870    .data               ethercatmain.o
    0x200001b0   0x00000004   Data   RW         8071    .data               mc_w.l(stdout.o)
    0x200001b4   0x00000004   Data   RW         8085    .data               mc_w.l(errno.o)
    0x200001b8   0x000004b8   Zero   RW         4755    .bss                main.o
    0x20000670   0x00000100   Zero   RW         5129    .bss                rs485.o
    0x20000770   0x00000100   Zero   RW         5130    .bss                rs485.o
    0x20000870   0x000000bc   Zero   RW         5509    .bss                lan8742a.o
    0x2000092c   0x00000020   Zero   RW         5648    .bss                stm32f429_eth.o
    0x2000094c   0x00000020   Zero   RW         5649    .bss                stm32f429_eth.o
    0x2000096c   0x00000be8   Zero   RW         5650    .bss                stm32f429_eth.o
    0x20001554   0x00000be8   Zero   RW         5651    .bss                stm32f429_eth.o
    0x2000213c   0x0000000c   Zero   RW         5652    .bss                stm32f429_eth.o
    0x20002148   0x00000cf8   Zero   RW         6854    .bss                ethercatmain.o
    0x20002e40   0x00000250   Zero   RW         6855    .bss                ethercatmain.o
    0x20003090   0x00001000   Zero   RW         6856    .bss                ethercatmain.o
    0x20004090   0x00000200   Zero   RW         6857    .bss                ethercatmain.o
    0x20004290   0x0000061c   Zero   RW         6858    .bss                ethercatmain.o
    0x200048ac   0x00000010   Zero   RW         6859    .bss                ethercatmain.o
    0x200048bc   0x0000000a   Zero   RW         6860    .bss                ethercatmain.o
    0x200048c6   0x00000016   Zero   RW         6861    .bss                ethercatmain.o
    0x200048dc   0x0000002a   Zero   RW         6862    .bss                ethercatmain.o
    0x20004906   0x0000000c   Zero   RW         6863    .bss                ethercatmain.o
    0x20004912   0x00000002   PAD
    0x20004914   0x00002fd8   Zero   RW         6864    .bss                ethercatmain.o
    0x200078ec   0x00000004   PAD
    0x200078f0   0x00004000   Zero   RW            1    STACK               startup_stm32f40xx.o


==============================================================================

Image component sizes


      Code (inc. data)   RO Data    RW Data    ZI Data      Debug   Object Name

       196         16          0          0          0       3401   bsp_debug_usart.o
        40          4          0          0          0        614   bsp_key.o
        52          4          0          0          0        626   bsp_led.o
       184         16        512          0          0       3395   bsp_mb_host.o
       392         44          0         12          0      35142   bsp_systick.o
       172          0          0          0          0       4383   cycle_queue.o
       860          0          0          0          0      18829   ethercatbase.o
      2776         28          0          0          0      18842   ethercatcoe.o
      6594        680        374          0          0      15080   ethercatconfig.o
      1606         32          0          0          0       7666   ethercatdc.o
         0          0          0          0          0      12099   ethercatfoe.o
      5088         32          0        101      22434      44355   ethercatmain.o
        48          6      18914          0          0       2283   ethercatprint.o
       774          6          0          0          0       5094   ethercatsoe.o
       560         34          0          8        188      40533   lan8742a.o
      5536        996         81         64       1208      19400   main.o
       120         14          0          0          0       2103   misc.o
        76         18          0          0          0        642   netconf.o
      1576         36          0          0          0      15822   nicdrv.o
      1100        106          0         12        512       4842   rs485.o
        36          8        392          0      16384       1012   startup_stm32f40xx.o
      1776        156          0         12       6172      16761   stm32f429_eth.o
       160          0          0          0          0       3687   stm32f4xx_gpio.o
        42         16          0          0          0       4830   stm32f4xx_it.o
       264         44          0         16          0       7149   stm32f4xx_rcc.o
        12          4          0          0          0        710   stm32f4xx_syscfg.o
       300         28          0          0          0      12046   stm32f4xx_tim.o
       350          8          0          0          0       8317   stm32f4xx_usart.o
       272         36          0         20          0     294689   system_stm32f4xx.o
      1500        114          0        173          0       6778   timer.o

    ----------------------------------------------------------------------
     32486       2486      20312        432      46904     611130   Object Totals
         0          0         32          0          0          0   (incl. Generated)
        24          0          7         14          6          0   (incl. Padding)

    ----------------------------------------------------------------------

      Code (inc. data)   RO Data    RW Data    ZI Data      Debug   Library Member Name

       728        106        152          0          0        228   atan.o
        52          8          0          0          0        248   dunder.o
        44          0          0          0          0        248   fabs.o
        48          0          0          0          0        124   fpclassify.o
       248          0          0          0          0        152   poly.o
       122          0          0          0          0        148   sqrt.o
        86          0          0          0          0          0   __dczerorl2.o
         0          0          0          0          0          0   entry.o
         0          0          0          0          0          0   entry10a.o
         0          0          0          0          0          0   entry11a.o
         8          4          0          0          0          0   entry2.o
         4          0          0          0          0          0   entry5.o
         0          0          0          0          0          0   entry7b.o
         0          0          0          0          0          0   entry8b.o
         8          4          0          0          0          0   entry9a.o
        12          6          0          4          0         68   errno.o
        30          0          0          0          0          0   handlers.o
        36          8          0          0          0         68   init.o
         0          0          0          0          0          0   iusefp.o
        98          0          0          0          0         84   ldiv.o
        30          0          0          0          0         68   llshl.o
        36          0          0          0          0         68   llsshr.o
        32          0          0          0          0         68   llushr.o
        36          0          0          0          0         68   memcpya.o
        36          0          0          0          0        108   memseta.o
      2308         96          0          0          0        604   printfa.o
         0          0          0          4          0          0   stdout.o
        18          0          0          0          0         68   strcpy.o
        44          0          0          0          0         80   uidiv.o
        98          0          0          0          0         92   uldiv.o
        48          0          0          0          0         68   cdcmple.o
        48          0          0          0          0         68   cdrcmple.o
        56          0          0          0          0         88   d2f.o
       334          0          0          0          0        148   dadd.o
       222          0          0          0          0        100   ddiv.o
       186          0          0          0          0        176   depilogue.o
        62          0          0          0          0         80   dfixi.o
        48          0          0          0          0         68   dfixul.o
        34          0          0          0          0         76   dflti.o
       228          0          0          0          0         96   dmul.o
       162          0          0          0          0        100   dsqrt.o
        38          0          0          0          0         68   f2d.o
       110          0          0          0          0        168   fepilogue.o

    ----------------------------------------------------------------------
      5750        232        152          8          0       3896   Library Totals
        12          0          0          0          0          0   (incl. Padding)

    ----------------------------------------------------------------------

      Code (inc. data)   RO Data    RW Data    ZI Data      Debug   Library Name

      1242        114        152          0          0       1148   m_wm.l
      2920        118          0          8          0       1444   mc_w.l
      1576          0          0          0          0       1304   mf_w.l

    ----------------------------------------------------------------------
      5750        232        152          8          0       3896   Library Totals

    ----------------------------------------------------------------------

==============================================================================


      Code (inc. data)   RO Data    RW Data    ZI Data      Debug   

     38236       2718      20464        440      46904     594254   Grand Totals
     38236       2718      20464        124      46904     594254   ELF Image Totals (compressed)
     38236       2718      20464        124          0          0   ROM Totals

==============================================================================

    Total RO  Size (Code + RO Data)                58700 (  57.32kB)
    Total RW  Size (RW Data + ZI Data)             47344 (  46.23kB)
    Total ROM Size (Code + RO Data + RW Data)      58824 (  57.45kB)

==============================================================================

