<html>
<body>
<pre>
<h1>礦ision Build Log</h1>
<h2>Tool Versions:</h2>
IDE-Version: μVision V5.26.2.0
Copyright (C) 2018 ARM Ltd and ARM Germany GmbH. All rights reserved.
License Information: HONGFU 306835904@qq.com, JIANG, LIC=JL28G-VUBMV-Z91G9-47NWH-VNY0F-CSAI8
 
Tool Versions:
Toolchain:       MDK-ARM Plus  Version: 5.26.2.0
Toolchain Path:  C:\Keil_v5\ARM\ARMCC\Bin
C Compiler:      Armcc.exe V5.06 update 6 (build 750)
Assembler:       Armasm.exe V5.06 update 6 (build 750)
Linker/Locator:  ArmLink.exe V5.06 update 6 (build 750)
Library Manager: ArmAr.exe V5.06 update 6 (build 750)
Hex Converter:   FromElf.exe V5.06 update 6 (build 750)
CPU DLL:         SARMCM3.DLL V5.26.2.0
Dialog DLL:      DCM.DLL V1.17.2.0
Target DLL:      STLink\ST-LINKIII-KEIL_SWO.dll V3.0.5.0
Dialog DLL:      TCM.DLL V1.36.1.0
 
<h2>Project:</h2>
E:\ALC条板程序开发\底盘代码\版本03_工业遥控器（新板子）\Nano_kinco_8_version2\Project\RVMDK(uv5)\SOEM_STM32.uvprojx
Project File Date:  05/30/2024

<h2>Output:</h2>
*** Using Compiler 'V5.06 update 6 (build 750)', folder: 'C:\Keil_v5\ARM\ARMCC\Bin'
Rebuild target 'SOEM_STM32'
assembling startup_stm32f40xx.s...
compiling stm32f4xx_cryp_des.c...
compiling stm32f4xx_dbgmcu.c...
compiling misc.c...
compiling stm32f4xx_cryp_tdes.c...
compiling stm32f4xx_cryp.c...
compiling stm32f4xx_crc.c...
compiling stm32f4xx_cec.c...
compiling system_stm32f4xx.c...
compiling stm32f4xx_dac.c...
compiling stm32f4xx_adc.c...
compiling stm32f4xx_can.c...
compiling stm32f4xx_cryp_aes.c...
compiling stm32f4xx_flash_ramfunc.c...
compiling stm32f4xx_hash_md5.c...
compiling stm32f4xx_dcmi.c...
compiling stm32f4xx_hash_sha1.c...
compiling stm32f4xx_gpio.c...
compiling stm32f4xx_fsmc.c...
compiling stm32f4xx_fmpi2c.c...
compiling stm32f4xx_dma.c...
compiling stm32f4xx_hash.c...
compiling stm32f4xx_exti.c...
compiling stm32f4xx_flash.c...
compiling stm32f4xx_i2c.c...
compiling stm32f4xx_iwdg.c...
compiling stm32f4xx_spdifrx.c...
compiling stm32f4xx_rcc.c...
compiling stm32f4xx_pwr.c...
compiling stm32f4xx_qspi.c...
compiling stm32f4xx_sai.c...
compiling stm32f4xx_spi.c...
compiling stm32f4xx_rng.c...
compiling stm32f4xx_sdio.c...
compiling stm32f4xx_syscfg.c...
compiling stm32f4xx_rtc.c...
compiling stm32f4xx_tim.c...
compiling stm32f4xx_usart.c...
compiling delay.c...
compiling sys.c...
compiling stm32f4xx_wwdg.c...
compiling timer.c...
..\..\USER\App\RS485.h(36): warning:  #1295-D: Deprecated declaration RS485_Receive_Data - give arg types
  void RS485_Receive_Data();	
..\..\USER\App\timer.c: 1 warning, 0 errors
compiling netconf.c...
..\..\USER\Bsp\LAN8742A\LAN8742A.h(141): warning:  #231-D: declaration is not visible outside of function
  void ETH_link_callback(struct netif *netif);
..\..\USER\App\netconf.c: 1 warning, 0 errors
compiling stm32f4xx_it.c...
compiling RS485.c...
..\..\USER\App\RS485.h(36): warning:  #1295-D: Deprecated declaration RS485_Receive_Data - give arg types
  void RS485_Receive_Data();	
..\..\USER\App\RS485.c: 1 warning, 0 errors
compiling Eather_config.c...
compiling bsp_MB_host.c...
..\..\USER\App\RS485.h(36): warning:  #1295-D: Deprecated declaration RS485_Receive_Data - give arg types
  void RS485_Receive_Data();	
..\..\USER\App\bsp_MB_host.c: 1 warning, 0 errors
compiling bsp_led.c...
compiling main.c...
..\..\USER\./Bsp/key/bsp_key.h(43): warning:  #47-D: incompatible redefinition of macro "BIT_ADDR"  (declared at line 156 of "..\..\USER\./Bsp/led/bsp_led.h")
  #define BIT_ADDR(addr, bitnum)   MEM_Addr(BITBAND(addr, bitnum)) 
..\..\USER\Bsp\LAN8742A\LAN8742A.h(141): warning:  #231-D: declaration is not visible outside of function
  void ETH_link_callback(struct netif *netif);
..\..\USER\soem\ethercatdc.h(55): warning:  #1295-D: Deprecated declaration ec_configdc - give arg types
  boolean ec_configdc();
..\..\USER\App\sys.h(31): warning:  #47-D: incompatible redefinition of macro "BIT_ADDR"  (declared at line 43 of "..\..\USER\./Bsp/key/bsp_key.h")
  #define BIT_ADDR(addr, bitnum)   MEM_ADDR(BITBAND(addr, bitnum)) 
..\..\USER\App\RS485.h(36): warning:  #1295-D: Deprecated declaration RS485_Receive_Data - give arg types
  void RS485_Receive_Data();	
..\..\USER\main.c(213): warning:  #188-D: enumerated type mixed with another type
      retval += ec_SDOwrite(slave, 0x1c12, 0x00, FALSE, sizeof(u8val), &u8val, EC_TIMEOUTRXM);
..\..\USER\main.c(215): warning:  #188-D: enumerated type mixed with another type
      retval += ec_SDOwrite(slave, 0x1c12, 0x01, FALSE, sizeof(u16val), &u16val, EC_TIMEOUTRXM);
..\..\USER\main.c(217): warning:  #188-D: enumerated type mixed with another type
      retval += ec_SDOwrite(slave, 0x1c12, 0x00, FALSE, sizeof(u8val), &u8val, EC_TIMEOUTRXM);
..\..\USER\main.c(221): warning:  #188-D: enumerated type mixed with another type
      retval += ec_SDOwrite(slave, 0x1601, 0x00, FALSE, sizeof(u8val), &u8val, EC_TIMEOUTRXM);
..\..\USER\main.c(223): warning:  #188-D: enumerated type mixed with another type
      retval += ec_SDOwrite(slave, 0x1601, 0x01, FALSE, sizeof(u32val), &u32val, EC_TIMEOUTRXM);
..\..\USER\main.c(225): warning:  #188-D: enumerated type mixed with another type
      retval += ec_SDOwrite(slave, 0x1601, 0x02, FALSE, sizeof(u32val), &u32val, EC_TIMEOUTRXM);
..\..\USER\main.c(227): warning:  #188-D: enumerated type mixed with another type
      retval += ec_SDOwrite(slave, 0x1601, 0x03, FALSE, sizeof(u32val), &u32val, EC_TIMEOUTRXM);
..\..\USER\main.c(229): warning:  #188-D: enumerated type mixed with another type
      retval += ec_SDOwrite(slave, 0x1601, 0x04, FALSE, sizeof(u32val), &u32val, EC_TIMEOUTRXM);
..\..\USER\main.c(231): warning:  #188-D: enumerated type mixed with another type
      retval += ec_SDOwrite(slave, 0x1601, 0x05, FALSE, sizeof(u32val), &u32val, EC_TIMEOUTRXM);
..\..\USER\main.c(233): warning:  #188-D: enumerated type mixed with another type
      retval += ec_SDOwrite(slave, 0x1601, 0x00, FALSE, sizeof(u8val), &u8val, EC_TIMEOUTRXM);
..\..\USER\main.c(236): warning:  #188-D: enumerated type mixed with another type
      retval += ec_SDOwrite(slave, 0x1c13, 0x00, FALSE, sizeof(u8val), &u8val, EC_TIMEOUTRXM);
..\..\USER\main.c(238): warning:  #188-D: enumerated type mixed with another type
      retval += ec_SDOwrite(slave, 0x1c13, 0x01, FALSE, sizeof(u16val), &u16val, EC_TIMEOUTRXM);
..\..\USER\main.c(240): warning:  #188-D: enumerated type mixed with another type
      retval += ec_SDOwrite(slave, 0x1c13, 0x00, FALSE, sizeof(u8val), &u8val, EC_TIMEOUTRXM);
..\..\USER\main.c(243): warning:  #188-D: enumerated type mixed with another type
      retval += ec_SDOwrite(slave, 0x1A00, 0x00, FALSE, sizeof(u8val), &u8val, EC_TIMEOUTRXM);
..\..\USER\main.c(245): warning:  #188-D: enumerated type mixed with another type
      retval += ec_SDOwrite(slave, 0x1A00, 0x01, FALSE, sizeof(u32val), &u32val, EC_TIMEOUTRXM);
..\..\USER\main.c(247): warning:  #188-D: enumerated type mixed with another type
      retval += ec_SDOwrite(slave, 0x1A00, 0x02, FALSE, sizeof(u32val), &u32val, EC_TIMEOUTRXM);
..\..\USER\main.c(249): warning:  #188-D: enumerated type mixed with another type
      retval += ec_SDOwrite(slave, 0x1A00, 0x03, FALSE, sizeof(u32val), &u32val, EC_TIMEOUTRXM);
..\..\USER\main.c(251): warning:  #188-D: enumerated type mixed with another type
      retval += ec_SDOwrite(slave, 0x1A00, 0x04, FALSE, sizeof(u32val), &u32val, EC_TIMEOUTRXM);
..\..\USER\main.c(253): warning:  #188-D: enumerated type mixed with another type
      retval += ec_SDOwrite(slave, 0x1A00, 0x05, FALSE, sizeof(u32val), &u32val, EC_TIMEOUTRXM);		
..\..\USER\main.c(255): warning:  #188-D: enumerated type mixed with another type
      retval += ec_SDOwrite(slave, 0x1A00, 0x00, FALSE, sizeof(u8val), &u8val, EC_TIMEOUTRXM);
..\..\USER\main.c(298): warning:  #1035-D: single-precision operand implicitly converted to double-precision
  			double  W =   Move_Y * 1.0; //瑙掗�熷害
..\..\USER\main.c(330): warning:  #177-D: variable "reverse"  was declared but never referenced
  				       int reverse = 1;
..\..\USER\main.c(262): warning:  #177-D: variable "i"  was declared but never referenced
  	static int16_t i = 0;
..\..\USER\main.c(263): warning:  #177-D: variable "flag"  was declared but never referenced
  	static uint8_t flag=0;
..\..\USER\main.c(265): warning:  #550-D: variable "wkc"  was set but never used
  	uint8_t wkc;
..\..\USER\main.c(301): warning:  #177-D: variable "reverse"  was declared but never referenced
  			int reverse = -1;
..\..\USER\main.c(727): warning:  #188-D: enumerated type mixed with another type
  	needlf = FALSE;
..\..\USER\main.c(728): warning:  #188-D: enumerated type mixed with another type
  	inOP = FALSE;
..\..\USER\main.c(764): warning:  #188-D: enumerated type mixed with another type
  			 ec_dcsync0(1, TRUE, SYNC0TIME, 250000); // SYNC0 on slave 1
..\..\USER\main.c(765): warning:  #188-D: enumerated type mixed with another type
  			 ec_dcsync0(2, TRUE, SYNC0TIME, 250000); // SYNC0 on slave 2
..\..\USER\main.c(766): warning:  #188-D: enumerated type mixed with another type
         ec_dcsync0(3, TRUE, SYNC0TIME, 250000); // SYNC0 on slave 1
..\..\USER\main.c(767): warning:  #188-D: enumerated type mixed with another type
  			 ec_dcsync0(4, TRUE, SYNC0TIME, 250000); // SYNC0 on slave 2 
..\..\USER\main.c(768): warning:  #188-D: enumerated type mixed with another type
         ec_dcsync0(5, TRUE, SYNC0TIME, 250000); // SYNC0 on slave 1
..\..\USER\main.c(769): warning:  #188-D: enumerated type mixed with another type
  			 ec_dcsync0(6, TRUE, SYNC0TIME, 250000); // SYNC0 on slave 2 
..\..\USER\main.c(770): warning:  #188-D: enumerated type mixed with another type
         ec_dcsync0(7, TRUE, SYNC0TIME, 250000); // SYNC0 on slave 1
..\..\USER\main.c(771): warning:  #188-D: enumerated type mixed with another type
  			 ec_dcsync0(8, TRUE, SYNC0TIME, 250000); // SYNC0 on slave 2 						
..\..\USER\main.c(834): warning:  #188-D: enumerated type mixed with another type
  				inOP = TRUE;
..\..\USER\main.c(830): warning:  #177-D: variable "pos"  was declared but never referenced
  				int pos = 0;
..\..\USER\main.c(831): warning:  #177-D: variable "len"  was declared but never referenced
  				int len = 0;
..\..\USER\main.c(725): warning:  #177-D: variable "j"  was declared but never referenced
  	int i, j, wkc_count, chk, slc;
..\..\USER\main.c(725): warning:  #550-D: variable "wkc_count"  was set but never used
  	int i, j, wkc_count, chk, slc;
..\..\USER\main.c(725): warning:  #550-D: variable "chk"  was set but never used
  	int i, j, wkc_count, chk, slc;
..\..\USER\main.c(729): warning:  #550-D: variable "cycletime"  was set but never used
  	int64 cycletime;
..\..\USER\main.c(962): warning:  #111-D: statement is unreachable
  	return 0;
..\..\USER\main.c(921): warning:  #177-D: variable "flag"  was declared but never referenced
  	uint8_t flag=0;
..\..\USER\main.c(922): warning:  #177-D: variable "toff"  was declared but never referenced
  	int64 toff, gl_delta;
..\..\USER\main.c(922): warning:  #177-D: variable "gl_delta"  was declared but never referenced
  	int64 toff, gl_delta;
..\..\USER\main.c: 52 warnings, 0 errors
compiling bsp_debug_usart.c...
..\..\USER\Bsp\usart\bsp_debug_usart.c(27): warning:  #177-D: variable "NVIC_InitStructure"  was declared but never referenced
  	NVIC_InitTypeDef NVIC_InitStructure;
..\..\USER\Bsp\usart\bsp_debug_usart.c: 1 warning, 0 errors
compiling bsp_SysTick.c...
..\..\USER\Bsp\systick\bsp_SysTick.c(82): warning:  #188-D: enumerated type mixed with another type
     return is_not_yet_expired == FALSE;
..\..\USER\Bsp\systick\bsp_SysTick.c(87): warning:  #940-D: missing return statement at end of non-void function "osal_usleep" 
  }
..\..\USER\Bsp\systick\bsp_SysTick.c: 2 warnings, 0 errors
compiling bsp_key.c...
compiling ethercatfoe.c...
..\..\USER\soem\ethercatfoe.c(95): warning:  #513-D: a value of type "void *" cannot be assigned to an entity of type "int (*)(uint16, int, int)"
    context->FOEhook = hook; 
..\..\USER\soem\ethercatfoe.c(151): warning:  #188-D: enumerated type mixed with another type
           worktodo = FALSE;
..\..\USER\soem\ethercatfoe.c(172): warning:  #188-D: enumerated type mixed with another type
                          worktodo = TRUE; 
..\..\USER\soem\ethercatfoe.c(187): warning:  #188-D: enumerated type mixed with another type
                          worktodo = FALSE;
..\..\USER\soem\ethercatfoe.c(256): warning:  #188-D: enumerated type mixed with another type
     dofinalzero = FALSE;
..\..\USER\soem\ethercatfoe.c(280): warning:  #188-D: enumerated type mixed with another type
           worktodo = FALSE;
..\..\USER\soem\ethercatfoe.c(308): warning:  #188-D: enumerated type mixed with another type
                             worktodo = TRUE; 
..\..\USER\soem\ethercatfoe.c(309): warning:  #188-D: enumerated type mixed with another type
                             dofinalzero = FALSE;
..\..\USER\soem\ethercatfoe.c(316): warning:  #188-D: enumerated type mixed with another type
                                dofinalzero = TRUE;
..\..\USER\soem\ethercatfoe.c(334): warning:  #188-D: enumerated type mixed with another type
                                worktodo = FALSE;
..\..\USER\soem\ethercatfoe.c(353): warning:  #188-D: enumerated type mixed with another type
                             dofinalzero = TRUE;
..\..\USER\soem\ethercatfoe.c: 11 warnings, 0 errors
compiling LAN8742A.c...
..\..\USER\Bsp\LAN8742A\LAN8742A.h(141): warning:  #231-D: declaration is not visible outside of function
  void ETH_link_callback(struct netif *netif);
..\..\USER\Bsp\LAN8742A\LAN8742A.c: 1 warning, 0 errors
compiling ethercatdc.c...
..\..\USER\soem\ethercatdc.h(55): warning:  #1295-D: Deprecated declaration ec_configdc - give arg types
  boolean ec_configdc();
..\..\USER\soem\ethercatdc.c(78): warning:  #550-D: variable "wc"  was set but never used
     uint16 wc, slaveh;
..\..\USER\soem\ethercatdc.c(135): warning:  #550-D: variable "wc"  was set but never used
     uint16 wc, slaveh;
..\..\USER\soem\ethercatdc.c(291): warning:  #188-D: enumerated type mixed with another type
     context->slavelist[0].hasdc = FALSE;
..\..\USER\soem\ethercatdc.c(292): warning:  #188-D: enumerated type mixed with another type
     context->grouplist[0].hasdc = FALSE;
..\..\USER\soem\ethercatdc.c(302): warning:  #188-D: enumerated type mixed with another type
              context->slavelist[0].hasdc = TRUE;
..\..\USER\soem\ethercatdc.c(305): warning:  #188-D: enumerated type mixed with another type
              context->grouplist[0].hasdc = TRUE;
..\..\USER\soem\ethercatdc.c(281): warning:  #550-D: variable "wc"  was set but never used
     uint16 i, wc, slaveh, parent, child;
..\..\USER\soem\ethercatdc.c: 8 warnings, 0 errors
compiling ethercatbase.c...
..\..\USER\soem\ethercatbase.c(122): warning:  #550-D: variable "temp_l"  was set but never used
  uint32 temp_l = 0;
..\..\USER\soem\ethercatbase.c(539): warning:  #188-D: enumerated type mixed with another type
     DCtO = ecx_adddatagram(port, &(port->txbuf[idx]), EC_CMD_FRMW, idx, FALSE, DCrs, ECT_REG_DCSYSTIME, sizeof(DCtime), &DCtE);
..\..\USER\soem\ethercatbase.c(652): warning:  #1-D: last line of file ends without a newline
  #endif
..\..\USER\soem\ethercatbase.c: 3 warnings, 0 errors
compiling crc16.c...
..\..\USER\comm\crc16.h(6): warning:  #1-D: last line of file ends without a newline
  #endif
..\..\USER\comm\crc16.c: 1 warning, 0 errors
compiling ethercatcoe.c...
..\..\USER\soem\ethercatcoe.c(105): warning:  #188-D: enumerated type mixed with another type
     *(context->ecaterror) = TRUE;
..\..\USER\soem\ethercatcoe.c(126): warning:  #188-D: enumerated type mixed with another type
     *(context->ecaterror) = TRUE;
..\..\USER\soem\ethercatcoe.c(240): warning:  #188-D: enumerated type mixed with another type
                       NotLast = TRUE;
..\..\USER\soem\ethercatcoe.c(276): warning:  #188-D: enumerated type mixed with another type
                                      NotLast = FALSE;
..\..\USER\soem\ethercatcoe.c(296): warning:  #188-D: enumerated type mixed with another type
                                   NotLast = FALSE;
..\..\USER\soem\ethercatcoe.c(432): warning:  #188-D: enumerated type mixed with another type
        NotLast = FALSE;
..\..\USER\soem\ethercatcoe.c(436): warning:  #188-D: enumerated type mixed with another type
           NotLast = TRUE;
..\..\USER\soem\ethercatcoe.c(489): warning:  #188-D: enumerated type mixed with another type
                    NotLast = FALSE;
..\..\USER\soem\ethercatcoe.c(494): warning:  #188-D: enumerated type mixed with another type
                       NotLast = TRUE;
..\..\USER\soem\ethercatcoe.c(545): warning:  #188-D: enumerated type mixed with another type
                             NotLast = FALSE;
..\..\USER\soem\ethercatcoe.c(715): warning:  #188-D: enumerated type mixed with another type
     wkc = ecx_SDOread(context, Slave, PDOassign, 0x00, FALSE, &rdl, &rdat, EC_TIMEOUTRXM);
..\..\USER\soem\ethercatcoe.c(728): warning:  #188-D: enumerated type mixed with another type
           wkc = ecx_SDOread(context, Slave, PDOassign, (uint8)idxloop, FALSE, &rdl, &rdat, EC_TIMEOUTRXM);
..\..\USER\soem\ethercatcoe.c(735): warning:  #188-D: enumerated type mixed with another type
              wkc = ecx_SDOread(context, Slave,idx, 0x00, FALSE, &rdl, &subcnt, EC_TIMEOUTRXM);
..\..\USER\soem\ethercatcoe.c(742): warning:  #188-D: enumerated type mixed with another type
                 wkc = ecx_SDOread(context, Slave, idx, (uint8)subidxloop, FALSE, &rdl, &rdat2, EC_TIMEOUTRXM);
..\..\USER\soem\ethercatcoe.c(779): warning:  #188-D: enumerated type mixed with another type
     wkc = ecx_SDOread(context, Slave, PDOassign, 0x00, TRUE, &rdl, context->PDOassign, EC_TIMEOUTRXM);
..\..\USER\soem\ethercatcoe.c(794): warning:  #188-D: enumerated type mixed with another type
              wkc = ecx_SDOread(context, Slave,idx, 0x00, TRUE, &rdl, context->PDOdesc, EC_TIMEOUTRXM);
..\..\USER\soem\ethercatcoe.c(850): warning:  #188-D: enumerated type mixed with another type
     wkc = ecx_SDOread(context, Slave, ECT_SDO_SMCOMMTYPE, 0x00, FALSE, &rdl, &nSM, EC_TIMEOUTRXM);
..\..\USER\soem\ethercatcoe.c(864): warning:  #188-D: enumerated type mixed with another type
           wkc = ecx_SDOread(context, Slave, ECT_SDO_SMCOMMTYPE, iSM + 1, FALSE, &rdl, &tSM, EC_TIMEOUTRXM);
..\..\USER\soem\ethercatcoe.c(952): warning:  #188-D: enumerated type mixed with another type
     wkc = ecx_SDOread(context, Slave, ECT_SDO_SMCOMMTYPE, 0x00, TRUE, &rdl, context->SMcommtype, EC_TIMEOUTRXM);
..\..\USER\soem\ethercatcoe.c: 19 warnings, 0 errors
compiling cycle_queue.c...
compiling stm32f429_eth.c...
..\..\USER\Bsp\LAN8742A\LAN8742A.h(141): warning:  #231-D: declaration is not visible outside of function
  void ETH_link_callback(struct netif *netif);
..\..\USER\Bsp\LAN8742A\stm32f429_eth.c: 1 warning, 0 errors
compiling ethercatmain.c...
..\..\USER\soem\ethercatmain.c(214): warning:  #188-D: enumerated type mixed with another type
     boolean notEmpty = (context->elist->head != context->elist->tail);
..\..\USER\soem\ethercatmain.c(332): warning:  #550-D: variable "ehp"  was set but never used
     ec_etherheadert *ehp;
..\..\USER\soem\ethercatmain.c(1637): warning:  #188-D: enumerated type mixed with another type
                    context->DCtO = ecx_adddatagram(context->port, &(context->port->txbuf[idx]), EC_CMD_FRMW, idx, FALSE,
..\..\USER\soem\ethercatmain.c(1675): warning:  #188-D: enumerated type mixed with another type
                    context->DCtO = ecx_adddatagram(context->port, &(context->port->txbuf[idx]), EC_CMD_FRMW, idx, FALSE,
..\..\USER\soem\ethercatmain.c(1714): warning:  #188-D: enumerated type mixed with another type
                 context->DCtO = ecx_adddatagram(context->port, &(context->port->txbuf[idx]), EC_CMD_FRMW, idx, FALSE,
..\..\USER\soem\ethercatmain.c(1841): warning:  #177-D: function "ec_mbxerror"  was declared but never referenced
  static void ec_mbxerror(uint16 Slave,uint16 Detail)
..\..\USER\soem\ethercatmain.c(1846): warning:  #177-D: function "ec_mbxemergencyerror"  was declared but never referenced
  static void ec_mbxemergencyerror(uint16 Slave,uint16 ErrorCode,uint16 ErrorReg,
..\..\USER\soem\ethercatmain.c: 7 warnings, 0 errors
compiling ethercatprint.c...
..\..\USER\soem\ethercatprint.c(342): warning:  #181-D: argument is incompatible with corresponding format string conversion
        sprintf(timestr, "Time:%12.3f", Ec.Time.usecH + (Ec.Time.usecL / USECS_PER_HIGH) );
..\..\USER\soem\ethercatprint.c: 1 warning, 0 errors
compiling ethercatconfig.c...
compiling ethercatsoe.c...
..\..\USER\soem\ethercatsoe.c(89): warning:  #188-D: enumerated type mixed with another type
     *(context->ecaterror) = TRUE;
..\..\USER\soem\ethercatsoe.c(145): warning:  #188-D: enumerated type mixed with another type
     NotLast = TRUE;
..\..\USER\soem\ethercatsoe.c(185): warning:  #188-D: enumerated type mixed with another type
                    NotLast = FALSE;
..\..\USER\soem\ethercatsoe.c(192): warning:  #188-D: enumerated type mixed with another type
                 NotLast = FALSE;
..\..\USER\soem\ethercatsoe.c(210): warning:  #188-D: enumerated type mixed with another type
              NotLast = FALSE;
..\..\USER\soem\ethercatsoe.c(260): warning:  #188-D: enumerated type mixed with another type
     NotLast = TRUE;
..\..\USER\soem\ethercatsoe.c(264): warning:  #188-D: enumerated type mixed with another type
        NotLast = FALSE;
..\..\USER\soem\ethercatsoe.c(270): warning:  #188-D: enumerated type mixed with another type
           NotLast = TRUE;
..\..\USER\soem\ethercatsoe.c(295): warning:  #188-D: enumerated type mixed with another type
                 NotLast = FALSE;
..\..\USER\soem\ethercatsoe.c: 9 warnings, 0 errors
compiling nicdrv.c...
..\..\USER\soem\nicdrv.c(127): warning:  #177-D: variable "ifindex"  was declared but never referenced
     int r, rval, ifindex;
..\..\USER\soem\nicdrv.c: 1 warning, 0 errors
linking...
Program Size: Code=39124 RO-data=20464 RW-data=568 ZI-data=46752  
FromELF: creating hex file...
"..\..\Output\SOEM_STM32.axf" - 0 Error(s), 121 Warning(s).

<h2>Software Packages used:</h2>

Package Vendor: ARM
                http://www.keil.com/pack/ARM.CMSIS.5.4.0.pack
                ARM.CMSIS.5.4.0
                CMSIS (Cortex Microcontroller Software Interface Standard)
   * Component: CORE Version: 5.1.2

Package Vendor: Keil
                http://www.keil.com/pack/Keil.STM32F4xx_DFP.2.13.0.pack
                Keil.STM32F4xx_DFP.2.13.0
                STMicroelectronics STM32F4 Series Device Support, Drivers and Examples

<h2>Collection of Component include folders:</h2>
  .\RTE\_SOEM_STM32
  C:\Keil_v5\ARM\PACK\ARM\CMSIS\5.4.0\CMSIS\Core\Include
  C:\Keil_v5\ARM\PACK\Keil\STM32F4xx_DFP\2.13.0\Drivers\CMSIS\Device\ST\STM32F4xx\Include

<h2>Collection of Component Files used:</h2>

   * Component: ARM::CMSIS:CORE:5.1.2
Build Time Elapsed:  00:00:11
</pre>
</body>
</html>
