<html>
<body>
<pre>
<h1>礦ision Build Log</h1>
<h2>Tool Versions:</h2>
IDE-Version: μVision V5.21.1.0
Copyright (C) 2016 ARM Ltd and ARM Germany GmbH. All rights reserved.
License Information: 306835904@qq.com HONGFU-JIANG, 306835904@qq.com, LIC=PE7DL-08Z9S-FWB2N-YFUQF-L22W2-W1LLN
 
Tool Versions:
Toolchain:       MDK-ARM Plus  Version: 5.21a
Toolchain Path:  C:\Keil_v5\ARM\ARMCC\Bin
C Compiler:      Armcc.exe V5.06 update 3 (build 300)
Assembler:       Armasm.exe V5.06 update 3 (build 300)
Linker/Locator:  ArmLink.exe V5.06 update 3 (build 300)
Library Manager: ArmAr.exe V5.06 update 3 (build 300)
Hex Converter:   FromElf.exe V5.06 update 3 (build 300)
CPU DLL:         SARMCM3.DLL V5.21a
Dialog DLL:      DCM.DLL V1.13.8.0
Target DLL:      STLink\ST-LINKIII-KEIL_SWO.dll V2.0.18.0
Dialog DLL:      TCM.DLL V1.14.14.0
 
<h2>Project:</h2>
E:\ALC条板程序开发\底盘代码\版本03_工业遥控器（新板子）\Nano_kinco_8_version2\Project\RVMDK(uv5)\SOEM_STM32.uvprojx
Project File Date:  12/02/2024

<h2>Output:</h2>
*** Using Compiler 'V5.06 update 3 (build 300)', folder: 'C:\Keil_v5\ARM\ARMCC\Bin'
Rebuild target 'SOEM_STM32'
assembling startup_stm32f40xx.s...
compiling system_stm32f4xx.c...
compiling stm32f4xx_crc.c...
compiling stm32f4xx_cec.c...
compiling misc.c...
compiling stm32f4xx_cryp_tdes.c...
compiling stm32f4xx_dac.c...
compiling stm32f4xx_adc.c...
compiling stm32f4xx_can.c...
compiling stm32f4xx_cryp_des.c...
compiling stm32f4xx_cryp.c...
compiling stm32f4xx_cryp_aes.c...
compiling stm32f4xx_exti.c...
compiling stm32f4xx_dbgmcu.c...
compiling stm32f4xx_dma.c...
compiling stm32f4xx_flash_ramfunc.c...
compiling stm32f4xx_dcmi.c...
compiling stm32f4xx_fmpi2c.c...
compiling stm32f4xx_hash_md5.c...
compiling stm32f4xx_gpio.c...
compiling stm32f4xx_hash.c...
compiling stm32f4xx_fsmc.c...
compiling stm32f4xx_flash.c...
compiling stm32f4xx_iwdg.c...
compiling stm32f4xx_rng.c...
compiling stm32f4xx_hash_sha1.c...
compiling stm32f4xx_qspi.c...
compiling stm32f4xx_spdifrx.c...
compiling stm32f4xx_sdio.c...
compiling stm32f4xx_pwr.c...
compiling stm32f4xx_i2c.c...
compiling stm32f4xx_sai.c...
compiling stm32f4xx_rcc.c...
compiling stm32f4xx_rtc.c...
compiling stm32f4xx_wwdg.c...
compiling stm32f4xx_syscfg.c...
compiling stm32f4xx_it.c...
compiling stm32f4xx_usart.c...
compiling stm32f4xx_spi.c...
compiling RS485.c...
..\..\USER\App\RS485.h(36): warning:  #1295-D: Deprecated declaration RS485_Receive_Data - give arg types
  void RS485_Receive_Data();	
..\..\USER\App\RS485.c(36): warning:  #177-D: variable "Link_status" was declared but never referenced
   static uint8_t  Link_status = 0;
..\..\USER\App\RS485.c: 2 warnings, 0 errors
compiling netconf.c...
..\..\USER\Bsp\LAN8742A\LAN8742A.h(141): warning:  #231-D: declaration is not visible outside of function
  void ETH_link_callback(struct netif *netif);
..\..\USER\App\netconf.c: 1 warning, 0 errors
compiling timer.c...
..\..\USER\App\RS485.h(36): warning:  #1295-D: Deprecated declaration RS485_Receive_Data - give arg types
  void RS485_Receive_Data();	
..\..\USER\App\timer.c: 1 warning, 0 errors
compiling Eather_config.c...
..\..\USER\./Bsp/key/bsp_key.h(43): warning:  #47-D: incompatible redefinition of macro "BIT_ADDR" (declared at line 156 of "..\..\USER\./Bsp/led/bsp_led.h")
  #define BIT_ADDR(addr, bitnum)   MEM_Addr(BITBAND(addr, bitnum)) 
..\..\USER\Bsp\LAN8742A\LAN8742A.h(141): warning:  #231-D: declaration is not visible outside of function
  void ETH_link_callback(struct netif *netif);
..\..\USER\soem\ethercatdc.h(55): warning:  #1295-D: Deprecated declaration ec_configdc - give arg types
  boolean ec_configdc();
..\..\USER\App\sys.h(31): warning:  #47-D: incompatible redefinition of macro "BIT_ADDR" (declared at line 43 of "..\..\USER\./Bsp/key/bsp_key.h")
  #define BIT_ADDR(addr, bitnum)   MEM_ADDR(BITBAND(addr, bitnum)) 
..\..\USER\App\RS485.h(36): warning:  #1295-D: Deprecated declaration RS485_Receive_Data - give arg types
  void RS485_Receive_Data();	
..\..\USER\App\Eather_config.c: 5 warnings, 0 errors
compiling stm32f4xx_tim.c...
compiling main.c...
..\..\USER\./Bsp/key/bsp_key.h(43): warning:  #47-D: incompatible redefinition of macro "BIT_ADDR" (declared at line 156 of "..\..\USER\./Bsp/led/bsp_led.h")
  #define BIT_ADDR(addr, bitnum)   MEM_Addr(BITBAND(addr, bitnum)) 
..\..\USER\Bsp\LAN8742A\LAN8742A.h(141): warning:  #231-D: declaration is not visible outside of function
  void ETH_link_callback(struct netif *netif);
..\..\USER\soem\ethercatdc.h(55): warning:  #1295-D: Deprecated declaration ec_configdc - give arg types
  boolean ec_configdc();
..\..\USER\App\sys.h(31): warning:  #47-D: incompatible redefinition of macro "BIT_ADDR" (declared at line 43 of "..\..\USER\./Bsp/key/bsp_key.h")
  #define BIT_ADDR(addr, bitnum)   MEM_ADDR(BITBAND(addr, bitnum)) 
..\..\USER\App\RS485.h(36): warning:  #1295-D: Deprecated declaration RS485_Receive_Data - give arg types
  void RS485_Receive_Data();	
..\..\USER\main.c(169): warning:  #188-D: enumerated type mixed with another type
      retval += ec_SDOwrite(slave, 0x1c12, 0x00, 
ALSE, sizeof(u8val), &u8val, 
C_TIMEOUTRXM);
..\..\USER\main.c(171): warning:  #188-D: enumerated type mixed with another type
      retval += ec_SDOwrite(slave, 0x1c12, 0x01, 
ALSE, sizeof(u16val), &u16val, 
C_TIMEOUTRXM);
..\..\USER\main.c(173): warning:  #188-D: enumerated type mixed with another type
      retval += ec_SDOwrite(slave, 0x1c12, 0x00, 
ALSE, sizeof(u8val), &u8val, 
C_TIMEOUTRXM);
..\..\USER\main.c(176): warning:  #188-D: enumerated type mixed with another type
      retval += ec_SDOwrite(slave, 0x1601, 0x00, 
ALSE, sizeof(u8val), &u8val, 
C_TIMEOUTRXM);
..\..\USER\main.c(178): warning:  #188-D: enumerated type mixed with another type
      retval += ec_SDOwrite(slave, 0x1601, 0x01, 
ALSE, sizeof(u32val), &u32val, 
C_TIMEOUTRXM);
..\..\USER\main.c(180): warning:  #188-D: enumerated type mixed with another type
      retval += ec_SDOwrite(slave, 0x1601, 0x02, 
ALSE, sizeof(u32val), &u32val, 
C_TIMEOUTRXM);
..\..\USER\main.c(182): warning:  #188-D: enumerated type mixed with another type
      retval += ec_SDOwrite(slave, 0x1601, 0x03, 
ALSE, sizeof(u32val), &u32val, 
C_TIMEOUTRXM);
..\..\USER\main.c(184): warning:  #188-D: enumerated type mixed with another type
      retval += ec_SDOwrite(slave, 0x1601, 0x04, 
ALSE, sizeof(u32val), &u32val, 
C_TIMEOUTRXM);
..\..\USER\main.c(186): warning:  #188-D: enumerated type mixed with another type
      retval += ec_SDOwrite(slave, 0x1601, 0x05, 
ALSE, sizeof(u32val), &u32val, 
C_TIMEOUTRXM);
..\..\USER\main.c(188): warning:  #188-D: enumerated type mixed with another type
      retval += ec_SDOwrite(slave, 0x1601, 0x00, 
ALSE, sizeof(u8val), &u8val, 
C_TIMEOUTRXM);
..\..\USER\main.c(191): warning:  #188-D: enumerated type mixed with another type
      retval += ec_SDOwrite(slave, 0x1c13, 0x00, 
ALSE, sizeof(u8val), &u8val, 
C_TIMEOUTRXM);
..\..\USER\main.c(193): warning:  #188-D: enumerated type mixed with another type
      retval += ec_SDOwrite(slave, 0x1c13, 0x01, 
ALSE, sizeof(u16val), &u16val, 
C_TIMEOUTRXM);
..\..\USER\main.c(195): warning:  #188-D: enumerated type mixed with another type
      retval += ec_SDOwrite(slave, 0x1c13, 0x00, 
ALSE, sizeof(u8val), &u8val, 
C_TIMEOUTRXM);
..\..\USER\main.c(198): warning:  #188-D: enumerated type mixed with another type
      retval += ec_SDOwrite(slave, 0x1A00, 0x00, 
ALSE, sizeof(u8val), &u8val, 
C_TIMEOUTRXM);
..\..\USER\main.c(200): warning:  #188-D: enumerated type mixed with another type
      retval += ec_SDOwrite(slave, 0x1A00, 0x01, 
ALSE, sizeof(u32val), &u32val, 
C_TIMEOUTRXM);
..\..\USER\main.c(202): warning:  #188-D: enumerated type mixed with another type
      retval += ec_SDOwrite(slave, 0x1A00, 0x02, 
ALSE, sizeof(u32val), &u32val, 
C_TIMEOUTRXM);
..\..\USER\main.c(204): warning:  #188-D: enumerated type mixed with another type
      retval += ec_SDOwrite(slave, 0x1A00, 0x03, 
ALSE, sizeof(u32val), &u32val, 
C_TIMEOUTRXM);
..\..\USER\main.c(206): warning:  #188-D: enumerated type mixed with another type
      retval += ec_SDOwrite(slave, 0x1A00, 0x04, 
ALSE, sizeof(u32val), &u32val, 
C_TIMEOUTRXM);
..\..\USER\main.c(208): warning:  #188-D: enumerated type mixed with another type
      retval += ec_SDOwrite(slave, 0x1A00, 0x05, 
ALSE, sizeof(u32val), &u32val, 
C_TIMEOUTRXM);		
..\..\USER\main.c(210): warning:  #188-D: enumerated type mixed with another type
      retval += ec_SDOwrite(slave, 0x1A00, 0x00, 
ALSE, sizeof(u8val), &u8val, 
C_TIMEOUTRXM);
..\..\USER\main.c(247): warning:  #1035-D: single-precision operand implicitly converted to double-precision
  		  double  W =   Move_Y * 1.0; //瑙?閫?搴?
..\..\USER\main.c(281): warning:  #177-D: variable "reverse" was declared but never referenced
  				       int reverse = 1;
..\..\USER\main.c(217): warning:  #177-D: variable "i" was declared but never referenced
  	static int16_t i = 0;
..\..\USER\main.c(218): warning:  #177-D: variable "flag" was declared but never referenced
  	static uint8_t flag=0;
..\..\USER\main.c(220): warning:  #550-D: variable "wkc" was set but never used
  	uint8_t wkc;
..\..\USER\main.c(252): warning:  #177-D: variable "reverse" was declared but never referenced
  			int reverse = -1;
..\..\USER\main.c(499): warning:  #188-D: enumerated type mixed with another type
  	needlf = 
ALSE;
..\..\USER\main.c(500): warning:  #188-D: enumerated type mixed with another type
  	inOP = 
ALSE;
..\..\USER\main.c(536): warning:  #188-D: enumerated type mixed with another type
  			 ec_dcsync0(1, 
RUE, 
YNC0TIME, 250000); // SYNC0 on slave 1
..\..\USER\main.c(537): warning:  #188-D: enumerated type mixed with another type
  			 ec_dcsync0(2, 
RUE, 
YNC0TIME, 250000); // SYNC0 on slave 2
..\..\USER\main.c(538): warning:  #188-D: enumerated type mixed with another type
         ec_dcsync0(3, 
RUE, 
YNC0TIME, 250000); // SYNC0 on slave 3
..\..\USER\main.c(539): warning:  #188-D: enumerated type mixed with another type
  			 ec_dcsync0(4, 
RUE, 
YNC0TIME, 250000); // SYNC0 on slave 4 
..\..\USER\main.c(540): warning:  #188-D: enumerated type mixed with another type
         ec_dcsync0(5, 
RUE, 
YNC0TIME, 250000); // SYNC0 on slave 5
..\..\USER\main.c(541): warning:  #188-D: enumerated type mixed with another type
  			 ec_dcsync0(6, 
RUE, 
YNC0TIME, 250000); // SYNC0 on slave 6 
..\..\USER\main.c(542): warning:  #188-D: enumerated type mixed with another type
         ec_dcsync0(7, 
RUE, 
YNC0TIME, 250000); // SYNC0 on slave 7
..\..\USER\main.c(543): warning:  #188-D: enumerated type mixed with another type
  			 ec_dcsync0(8, 
RUE, 
YNC0TIME, 250000); // SYNC0 on slave 8 						
..\..\USER\main.c(606): warning:  #188-D: enumerated type mixed with another type
  				inOP = 
RUE;
..\..\USER\main.c(602): warning:  #177-D: variable "pos" was declared but never referenced
  				int pos = 0;
..\..\USER\main.c(603): warning:  #177-D: variable "len" was declared but never referenced
  				int len = 0;
..\..\USER\main.c(497): warning:  #177-D: variable "j" was declared but never referenced
  	int i, j, wkc_count, chk, slc;
..\..\USER\main.c(497): warning:  #550-D: variable "wkc_count" was set but never used
  	int i, j, wkc_count, chk, slc;
..\..\USER\main.c(497): warning:  #550-D: variable "chk" was set but never used
  	int i, j, wkc_count, chk, slc;
..\..\USER\main.c(501): warning:  #550-D: variable "cycletime" was set but never used
  	int64 cycletime;
..\..\USER\main.c(734): warning:  #111-D: statement is unreachable
  	return 0;
..\..\USER\main.c(693): warning:  #177-D: variable "flag" was declared but never referenced
  	uint8_t flag=0;
..\..\USER\main.c(694): warning:  #177-D: variable "toff" was declared but never referenced
  	int64 toff, gl_delta;
..\..\USER\main.c(694): warning:  #177-D: variable "gl_delta" was declared but never referenced
  	int64 toff, gl_delta;
..\..\USER\main.c: 52 warnings, 0 errors
compiling delay.c...
compiling sys.c...
compiling bsp_MB_host.c...
..\..\USER\App\RS485.h(36): warning:  #1295-D: Deprecated declaration RS485_Receive_Data - give arg types
  void RS485_Receive_Data();	
..\..\USER\App\bsp_MB_host.c: 1 warning, 0 errors
compiling bsp_led.c...
compiling bsp_SysTick.c...
..\..\USER\Bsp\systick\bsp_SysTick.c(82): warning:  #188-D: enumerated type mixed with another type
     return is_not_yet_expired == 
ALSE;
..\..\USER\Bsp\systick\bsp_SysTick.c(87): warning:  #940-D: missing return statement at end of non-void function "osal_usleep"
  }
..\..\USER\Bsp\systick\bsp_SysTick.c: 2 warnings, 0 errors
compiling bsp_key.c...
compiling bsp_debug_usart.c...
..\..\USER\Bsp\usart\bsp_debug_usart.c(27): warning:  #177-D: variable "NVIC_InitStructure" was declared but never referenced
  	NVIC_InitTypeDef NVIC_InitStructure;
..\..\USER\Bsp\usart\bsp_debug_usart.c: 1 warning, 0 errors
compiling LAN8742A.c...
..\..\USER\Bsp\LAN8742A\LAN8742A.h(141): warning:  #231-D: declaration is not visible outside of function
  void ETH_link_callback(struct netif *netif);
..\..\USER\Bsp\LAN8742A\LAN8742A.c: 1 warning, 0 errors
compiling ethercatbase.c...
..\..\USER\soem\ethercatbase.c(122): warning:  #550-D: variable "temp_l" was set but never used
  uint32 temp_l = 0;
..\..\USER\soem\ethercatbase.c(539): warning:  #188-D: enumerated type mixed with another type
     DCtO = ecx_adddatagram(port, &(port->txbuf[idx]), EC_CMD_FRMW, idx, 
ALSE, DCrs, ECT_REG_DCSYSTIME, sizeof(DCtime), &DCtE);
..\..\USER\soem\ethercatbase.c(652): warning:  #1-D: last line of file ends without a newline
  #endif
..\..\USER\soem\ethercatbase.c: 3 warnings, 0 errors
compiling crc16.c...
..\..\USER\comm\crc16.h(6): warning:  #1-D: last line of file ends without a newline
  #endif
..\..\USER\comm\crc16.c: 1 warning, 0 errors
compiling cycle_queue.c...
compiling stm32f429_eth.c...
..\..\USER\Bsp\LAN8742A\LAN8742A.h(141): warning:  #231-D: declaration is not visible outside of function
  void ETH_link_callback(struct netif *netif);
..\..\USER\Bsp\LAN8742A\stm32f429_eth.c: 1 warning, 0 errors
compiling ethercatcoe.c...
..\..\USER\soem\ethercatcoe.c(105): warning:  #188-D: enumerated type mixed with another type
     *(context->ecaterror) = 
RUE;
..\..\USER\soem\ethercatcoe.c(126): warning:  #188-D: enumerated type mixed with another type
     *(context->ecaterror) = 
RUE;
..\..\USER\soem\ethercatcoe.c(240): warning:  #188-D: enumerated type mixed with another type
                       NotLast = 
RUE;
..\..\USER\soem\ethercatcoe.c(276): warning:  #188-D: enumerated type mixed with another type
                                      NotLast = 
ALSE;
..\..\USER\soem\ethercatcoe.c(296): warning:  #188-D: enumerated type mixed with another type
                                   NotLast = 
ALSE;
..\..\USER\soem\ethercatcoe.c(432): warning:  #188-D: enumerated type mixed with another type
        NotLast = 
ALSE;
..\..\USER\soem\ethercatcoe.c(436): warning:  #188-D: enumerated type mixed with another type
           NotLast = 
RUE;
..\..\USER\soem\ethercatcoe.c(489): warning:  #188-D: enumerated type mixed with another type
                    NotLast = 
ALSE;
..\..\USER\soem\ethercatcoe.c(494): warning:  #188-D: enumerated type mixed with another type
                       NotLast = 
RUE;
..\..\USER\soem\ethercatcoe.c(545): warning:  #188-D: enumerated type mixed with another type
                             NotLast = 
ALSE;
..\..\USER\soem\ethercatcoe.c(715): warning:  #188-D: enumerated type mixed with another type
     wkc = ecx_SDOread(context, Slave, PDOassign, 0x00, 
ALSE, &rdl, &rdat, 
C_TIMEOUTRXM);
..\..\USER\soem\ethercatcoe.c(728): warning:  #188-D: enumerated type mixed with another type
           wkc = ecx_SDOread(context, Slave, PDOassign, (uint8)idxloop, 
ALSE, &rdl, &rdat, 
C_TIMEOUTRXM);
..\..\USER\soem\ethercatcoe.c(735): warning:  #188-D: enumerated type mixed with another type
              wkc = ecx_SDOread(context, Slave,idx, 0x00, 
ALSE, &rdl, &subcnt, 
C_TIMEOUTRXM);
..\..\USER\soem\ethercatcoe.c(742): warning:  #188-D: enumerated type mixed with another type
                 wkc = ecx_SDOread(context, Slave, idx, (uint8)subidxloop, 
ALSE, &rdl, &rdat2, 
C_TIMEOUTRXM);
..\..\USER\soem\ethercatcoe.c(779): warning:  #188-D: enumerated type mixed with another type
     wkc = ecx_SDOread(context, Slave, PDOassign, 0x00, 
RUE, &rdl, context->PDOassign, 
C_TIMEOUTRXM);
..\..\USER\soem\ethercatcoe.c(794): warning:  #188-D: enumerated type mixed with another type
              wkc = ecx_SDOread(context, Slave,idx, 0x00, 
RUE, &rdl, context->PDOdesc, 
C_TIMEOUTRXM);
..\..\USER\soem\ethercatcoe.c(850): warning:  #188-D: enumerated type mixed with another type
     wkc = ecx_SDOread(context, Slave, 
CT_SDO_SMCOMMTYPE, 0x00, 
ALSE, &rdl, &nSM, 
C_TIMEOUTRXM);
..\..\USER\soem\ethercatcoe.c(864): warning:  #188-D: enumerated type mixed with another type
           wkc = ecx_SDOread(context, Slave, 
CT_SDO_SMCOMMTYPE, iSM + 1, 
ALSE, &rdl, &tSM, 
C_TIMEOUTRXM);
..\..\USER\soem\ethercatcoe.c(952): warning:  #188-D: enumerated type mixed with another type
     wkc = ecx_SDOread(context, Slave, 
CT_SDO_SMCOMMTYPE, 0x00, 
RUE, &rdl, context->SMcommtype, 
C_TIMEOUTRXM);
..\..\USER\soem\ethercatcoe.c: 19 warnings, 0 errors
compiling ethercatfoe.c...
..\..\USER\soem\ethercatfoe.c(95): warning:  #513-D: a value of type "void *" cannot be assigned to an entity of type "int (*)(uint16, int, int)"
    context->FOEhook = hook; 
..\..\USER\soem\ethercatfoe.c(151): warning:  #188-D: enumerated type mixed with another type
           worktodo = 
ALSE;
..\..\USER\soem\ethercatfoe.c(172): warning:  #188-D: enumerated type mixed with another type
                          worktodo = 
RUE; 
..\..\USER\soem\ethercatfoe.c(187): warning:  #188-D: enumerated type mixed with another type
                          worktodo = 
ALSE;
..\..\USER\soem\ethercatfoe.c(256): warning:  #188-D: enumerated type mixed with another type
     dofinalzero = 
ALSE;
..\..\USER\soem\ethercatfoe.c(280): warning:  #188-D: enumerated type mixed with another type
           worktodo = 
ALSE;
..\..\USER\soem\ethercatfoe.c(308): warning:  #188-D: enumerated type mixed with another type
                             worktodo = 
RUE; 
..\..\USER\soem\ethercatfoe.c(309): warning:  #188-D: enumerated type mixed with another type
                             dofinalzero = 
ALSE;
..\..\USER\soem\ethercatfoe.c(316): warning:  #188-D: enumerated type mixed with another type
                                dofinalzero = 
RUE;
..\..\USER\soem\ethercatfoe.c(334): warning:  #188-D: enumerated type mixed with another type
                                worktodo = 
ALSE;
..\..\USER\soem\ethercatfoe.c(353): warning:  #188-D: enumerated type mixed with another type
                             dofinalzero = 
RUE;
..\..\USER\soem\ethercatfoe.c: 11 warnings, 0 errors
compiling ethercatprint.c...
..\..\USER\soem\ethercatprint.c(342): warning:  #181-D: argument is incompatible with corresponding format string conversion
        sprintf(timestr, "Time:%12.3f", Ec.Time.usecH + (Ec.Time.usecL / 
SECS_PER_HIGH) );
..\..\USER\soem\ethercatprint.c: 1 warning, 0 errors
compiling ethercatdc.c...
..\..\USER\soem\ethercatdc.h(55): warning:  #1295-D: Deprecated declaration ec_configdc - give arg types
  boolean ec_configdc();
..\..\USER\soem\ethercatdc.c(78): warning:  #550-D: variable "wc" was set but never used
     uint16 wc, slaveh;
..\..\USER\soem\ethercatdc.c(135): warning:  #550-D: variable "wc" was set but never used
     uint16 wc, slaveh;
..\..\USER\soem\ethercatdc.c(291): warning:  #188-D: enumerated type mixed with another type
     context->slavelist[0].hasdc = 
ALSE;
..\..\USER\soem\ethercatdc.c(292): warning:  #188-D: enumerated type mixed with another type
     context->grouplist[0].hasdc = 
ALSE;
..\..\USER\soem\ethercatdc.c(302): warning:  #188-D: enumerated type mixed with another type
              context->slavelist[0].hasdc = 
RUE;
..\..\USER\soem\ethercatdc.c(305): warning:  #188-D: enumerated type mixed with another type
              context->grouplist[0].hasdc = 
RUE;
..\..\USER\soem\ethercatdc.c(281): warning:  #550-D: variable "wc" was set but never used
     uint16 i, wc, slaveh, parent, child;
..\..\USER\soem\ethercatdc.c: 8 warnings, 0 errors
compiling ethercatsoe.c...
..\..\USER\soem\ethercatsoe.c(89): warning:  #188-D: enumerated type mixed with another type
     *(context->ecaterror) = 
RUE;
..\..\USER\soem\ethercatsoe.c(145): warning:  #188-D: enumerated type mixed with another type
     NotLast = 
RUE;
..\..\USER\soem\ethercatsoe.c(185): warning:  #188-D: enumerated type mixed with another type
                    NotLast = 
ALSE;
..\..\USER\soem\ethercatsoe.c(192): warning:  #188-D: enumerated type mixed with another type
                 NotLast = 
ALSE;
..\..\USER\soem\ethercatsoe.c(210): warning:  #188-D: enumerated type mixed with another type
              NotLast = 
ALSE;
..\..\USER\soem\ethercatsoe.c(260): warning:  #188-D: enumerated type mixed with another type
     NotLast = 
RUE;
..\..\USER\soem\ethercatsoe.c(264): warning:  #188-D: enumerated type mixed with another type
        NotLast = 
ALSE;
..\..\USER\soem\ethercatsoe.c(270): warning:  #188-D: enumerated type mixed with another type
           NotLast = 
RUE;
..\..\USER\soem\ethercatsoe.c(295): warning:  #188-D: enumerated type mixed with another type
                 NotLast = 
ALSE;
..\..\USER\soem\ethercatsoe.c: 9 warnings, 0 errors
compiling nicdrv.c...
..\..\USER\soem\nicdrv.c(127): warning:  #177-D: variable "ifindex" was declared but never referenced
     int r, rval, ifindex;
..\..\USER\soem\nicdrv.c: 1 warning, 0 errors
compiling ethercatmain.c...
..\..\USER\soem\ethercatmain.c(214): warning:  #188-D: enumerated type mixed with another type
     boolean notEmpty = (context->elist->head != context->elist->tail);
..\..\USER\soem\ethercatmain.c(332): warning:  #550-D: variable "ehp" was set but never used
     ec_etherheadert *ehp;
..\..\USER\soem\ethercatmain.c(1637): warning:  #188-D: enumerated type mixed with another type
                    context->DCtO = ecx_adddatagram(context->port, &(context->port->txbuf[idx]), EC_CMD_FRMW, idx, FALSE,
..\..\USER\soem\ethercatmain.c(1675): warning:  #188-D: enumerated type mixed with another type
                    context->DCtO = ecx_adddatagram(context->port, &(context->port->txbuf[idx]), EC_CMD_FRMW, idx, FALSE,
..\..\USER\soem\ethercatmain.c(1714): warning:  #188-D: enumerated type mixed with another type
                 context->DCtO = ecx_adddatagram(context->port, &(context->port->txbuf[idx]), EC_CMD_FRMW, idx, FALSE,
..\..\USER\soem\ethercatmain.c(1841): warning:  #177-D: function "ec_mbxerror" was declared but never referenced
  static void ec_mbxerror(uint16 Slave,uint16 Detail)
..\..\USER\soem\ethercatmain.c(1846): warning:  #177-D: function "ec_mbxemergencyerror" was declared but never referenced
  static void ec_mbxemergencyerror(uint16 Slave,uint16 ErrorCode,uint16 ErrorReg,
..\..\USER\soem\ethercatmain.c: 7 warnings, 0 errors
compiling ethercatconfig.c...
linking...
Program Size: Code=38236 RO-data=20464 RW-data=440 ZI-data=46904  
FromELF: creating hex file...
"..\..\Output\SOEM_STM32.axf" - 0 Error(s), 127 Warning(s).

<h2>Software Packages used:</h2>

Package Vendor: ARM
                http://www.keil.com/pack/ARM.CMSIS.4.5.0.pack
                ARM::CMSIS:CORE:4.3.0
                CMSIS (Cortex Microcontroller Software Interface Standard)
   * Component: CORE Version: 4.3.0

<h2>Collection of Component include folders:</h2>
  E:\ALC条板程序开发\底盘代码\版本03_工业遥控器（新板子）\Nano_kinco_8_version2\Project\RVMDK(uv5)\RTE
  C:\Keil_v5\ARM\PACK\ARM\CMSIS\4.5.0\CMSIS\Include
  C:\Keil_v5\ARM\PACK\Keil\STM32F4xx_DFP\2.11.0\Drivers\CMSIS\Device\ST\STM32F4xx\Include

<h2>Collection of Component Files used:</h2>

   * Component: ARM::CMSIS:CORE:4.3.0
Build Time Elapsed:  00:00:13
</pre>
</body>
</html>
